Aug  6 00:00:01 es1 systemd: Created slice User Slice of root.
Aug  6 00:00:01 es1 systemd: Started Session 15782 of user root.
Aug  6 00:00:01 es1 systemd: Removed slice User Slice of root.
Aug  6 00:01:01 es1 systemd: Created slice User Slice of root.
Aug  6 00:01:01 es1 systemd: Started Session 15783 of user root.
Aug  6 00:01:01 es1 systemd: Removed slice User Slice of root.
Aug  6 00:10:01 es1 systemd: Created slice User Slice of root.
Aug  6 00:10:01 es1 systemd: Started Session 15784 of user root.
Aug  6 00:10:01 es1 systemd: Removed slice User Slice of root.
Aug  6 00:20:01 es1 systemd: Created slice User Slice of root.
Aug  6 00:20:01 es1 systemd: Started Session 15785 of user root.
Aug  6 00:20:01 es1 systemd: Removed slice User Slice of root.
Aug  6 00:30:01 es1 systemd: Created slice User Slice of root.
Aug  6 00:30:01 es1 systemd: Started Session 15786 of user root.
Aug  6 00:30:01 es1 systemd: Removed slice User Slice of root.
Aug  6 00:40:01 es1 systemd: Created slice User Slice of root.
Aug  6 00:40:01 es1 systemd: Started Session 15787 of user root.
Aug  6 00:40:01 es1 systemd: Removed slice User Slice of root.
Aug  6 00:50:01 es1 systemd: Created slice User Slice of root.
Aug  6 00:50:01 es1 systemd: Started Session 15788 of user root.
Aug  6 00:50:01 es1 systemd: Removed slice User Slice of root.
Aug  6 01:00:01 es1 systemd: Created slice User Slice of root.
Aug  6 01:00:01 es1 systemd: Started Session 15789 of user root.
Aug  6 01:00:01 es1 systemd: Removed slice User Slice of root.
Aug  6 01:01:01 es1 systemd: Created slice User Slice of root.
Aug  6 01:01:01 es1 systemd: Started Session 15790 of user root.
Aug  6 01:01:01 es1 systemd: Removed slice User Slice of root.
Aug  6 01:09:01 es1 systemd: Created slice User Slice of root.
Aug  6 01:09:01 es1 systemd: Started Session 15791 of user root.
Aug  6 01:09:02 es1 systemd: Removed slice User Slice of root.
Aug  6 01:10:02 es1 systemd: Created slice User Slice of root.
Aug  6 01:10:02 es1 systemd: Started Session 15792 of user root.
Aug  6 01:10:02 es1 systemd: Removed slice User Slice of root.
Aug  6 01:20:01 es1 systemd: Created slice User Slice of root.
Aug  6 01:20:01 es1 systemd: Started Session 15793 of user root.
Aug  6 01:20:01 es1 systemd: Removed slice User Slice of root.
Aug  6 01:21:50 es1 chronyd[5322]: Selected source 211.151.122.232
Aug  6 01:30:01 es1 systemd: Created slice User Slice of root.
Aug  6 01:30:01 es1 systemd: Started Session 15794 of user root.
Aug  6 01:30:01 es1 systemd: Removed slice User Slice of root.
Aug  6 01:40:01 es1 systemd: Created slice User Slice of root.
Aug  6 01:40:01 es1 systemd: Started Session 15795 of user root.
Aug  6 01:40:01 es1 systemd: Removed slice User Slice of root.
Aug  6 01:50:01 es1 systemd: Created slice User Slice of root.
Aug  6 01:50:01 es1 systemd: Started Session 15796 of user root.
Aug  6 01:50:01 es1 systemd: Removed slice User Slice of root.
Aug  6 02:00:01 es1 systemd: Created slice User Slice of root.
Aug  6 02:00:01 es1 systemd: Started Session 15797 of user root.
Aug  6 02:00:01 es1 systemd: Removed slice User Slice of root.
Aug  6 02:01:01 es1 systemd: Created slice User Slice of root.
Aug  6 02:01:01 es1 systemd: Started Session 15798 of user root.
Aug  6 02:01:01 es1 systemd: Removed slice User Slice of root.
Aug  6 02:10:01 es1 systemd: Created slice User Slice of root.
Aug  6 02:10:01 es1 systemd: Started Session 15799 of user root.
Aug  6 02:10:01 es1 systemd: Removed slice User Slice of root.
Aug  6 02:20:01 es1 systemd: Created slice User Slice of root.
Aug  6 02:20:01 es1 systemd: Started Session 15800 of user root.
Aug  6 02:20:01 es1 systemd: Removed slice User Slice of root.
Aug  6 02:27:35 es1 chronyd[5322]: Selected source 211.151.122.232
Aug  6 02:30:01 es1 systemd: Created slice User Slice of root.
Aug  6 02:30:01 es1 systemd: Started Session 15801 of user root.
Aug  6 02:30:01 es1 systemd: Removed slice User Slice of root.
Aug  6 02:40:01 es1 systemd: Created slice User Slice of root.
Aug  6 02:40:01 es1 systemd: Started Session 15802 of user root.
Aug  6 02:40:01 es1 systemd: Removed slice User Slice of root.
Aug  6 02:50:01 es1 systemd: Created slice User Slice of root.
Aug  6 02:50:01 es1 systemd: Started Session 15803 of user root.
Aug  6 02:50:01 es1 systemd: Removed slice User Slice of root.
Aug  6 03:00:01 es1 systemd: Created slice User Slice of root.
Aug  6 03:00:01 es1 systemd: Started Session 15804 of user root.
Aug  6 03:00:01 es1 systemd: Removed slice User Slice of root.
Aug  6 03:01:01 es1 systemd: Created slice User Slice of root.
Aug  6 03:01:01 es1 systemd: Started Session 15805 of user root.
Aug  6 03:06:02 es1 systemd: Removed slice User Slice of root.
Aug  6 03:10:01 es1 systemd: Created slice User Slice of root.
Aug  6 03:10:01 es1 systemd: Started Session 15806 of user root.
Aug  6 03:10:01 es1 systemd: Removed slice User Slice of root.
Aug  6 03:20:01 es1 systemd: Created slice User Slice of root.
Aug  6 03:20:01 es1 systemd: Started Session 15807 of user root.
Aug  6 03:20:01 es1 systemd: Removed slice User Slice of root.
Aug  6 03:30:01 es1 systemd: Created slice User Slice of root.
Aug  6 03:30:01 es1 systemd: Started Session 15808 of user root.
Aug  6 03:30:01 es1 systemd: Removed slice User Slice of root.
Aug  6 03:40:01 es1 systemd: Created slice User Slice of root.
Aug  6 03:40:01 es1 systemd: Started Session 15809 of user root.
Aug  6 03:40:01 es1 systemd: Removed slice User Slice of root.
Aug  6 03:50:01 es1 systemd: Created slice User Slice of root.
Aug  6 03:50:01 es1 systemd: Started Session 15810 of user root.
Aug  6 03:50:01 es1 systemd: Removed slice User Slice of root.
Aug  6 04:00:01 es1 systemd: Created slice User Slice of root.
Aug  6 04:00:01 es1 systemd: Started Session 15811 of user root.
Aug  6 04:00:01 es1 systemd: Removed slice User Slice of root.
Aug  6 04:01:01 es1 systemd: Created slice User Slice of root.
Aug  6 04:01:01 es1 systemd: Started Session 15812 of user root.
Aug  6 04:01:01 es1 systemd: Removed slice User Slice of root.
Aug  6 04:24:20 es1 rsyslogd: [origin software="rsyslogd" swVersion="7.4.7" x-pid="5297" x-info="http://www.rsyslog.com"] start
Aug  6 12:24:14 es1 journal: Runtime journal is using 8.0M (max allowed 4.0G, trying to leave 4.0G free of 62.6G available â†’ current limit 4.0G).
Aug  6 12:24:14 es1 kernel: Initializing cgroup subsys cpuset
Aug  6 12:24:14 es1 kernel: Initializing cgroup subsys cpu
Aug  6 12:24:14 es1 kernel: Initializing cgroup subsys cpuacct
Aug  6 12:24:14 es1 kernel: Linux version 3.10.0-693.21.1.el7.x86_64 (builder@kbuilder.dev.centos.org) (gcc version 4.8.5 20150623 (Red Hat 4.8.5-16) (GCC) ) #1 SMP Wed Mar 7 19:03:37 UTC 2018
Aug  6 12:24:14 es1 kernel: Command line: BOOT_IMAGE=/vmlinuz-3.10.0-693.21.1.el7.x86_64 root=/dev/mapper/VolGroup00-LogVol03 ro crashkernel=128M rd.lvm.lv=VolGroup00/LogVol03 rd.lvm.lv=VolGroup00/LogVol00 biosdevname=0 ipv6.disable=1 net.ifnames=0 rdloaddriver=igb
Aug  6 12:24:14 es1 kernel: e820: BIOS-provided physical RAM map:
Aug  6 12:24:14 es1 kernel: BIOS-e820: [mem 0x0000000000000000-0x0000000000099fff] usable
Aug  6 12:24:14 es1 kernel: BIOS-e820: [mem 0x000000000009a000-0x000000000009ffff] reserved
Aug  6 12:24:14 es1 kernel: BIOS-e820: [mem 0x00000000000e0000-0x00000000000fffff] reserved
Aug  6 12:24:14 es1 kernel: BIOS-e820: [mem 0x0000000000100000-0x000000006a414fff] usable
Aug  6 12:24:14 es1 kernel: BIOS-e820: [mem 0x000000006a415000-0x000000006c514fff] reserved
Aug  6 12:24:14 es1 kernel: BIOS-e820: [mem 0x000000006c515000-0x000000006c655fff] usable
Aug  6 12:24:14 es1 kernel: BIOS-e820: [mem 0x000000006c656000-0x000000006d192fff] ACPI NVS
Aug  6 12:24:14 es1 kernel: BIOS-e820: [mem 0x000000006d193000-0x000000006f2e7fff] reserved
Aug  6 12:24:14 es1 kernel: BIOS-e820: [mem 0x000000006f2e8000-0x000000006f7fffff] usable
Aug  6 12:24:14 es1 kernel: BIOS-e820: [mem 0x000000006f800000-0x000000008fffffff] reserved
Aug  6 12:24:14 es1 kernel: BIOS-e820: [mem 0x00000000fd000000-0x00000000fe7fffff] reserved
Aug  6 12:24:14 es1 kernel: BIOS-e820: [mem 0x00000000fed20000-0x00000000fed44fff] reserved
Aug  6 12:24:14 es1 kernel: BIOS-e820: [mem 0x00000000ff000000-0x00000000ffffffff] reserved
Aug  6 12:24:14 es1 kernel: BIOS-e820: [mem 0x0000000100000000-0x000000207fffffff] usable
Aug  6 12:24:14 es1 kernel: NX (Execute Disable) protection: active
Aug  6 12:24:14 es1 kernel: SMBIOS 2.8 present.
Aug  6 12:24:14 es1 kernel: e820: last_pfn = 0x2080000 max_arch_pfn = 0x400000000
Aug  6 12:24:14 es1 kernel: x86 PAT enabled: cpu 0, old 0x7040600070406, new 0x7010600070106
Aug  6 12:24:14 es1 kernel: total RAM covered: 131056M
Aug  6 12:24:14 es1 kernel: Found optimal setting for mtrr clean up
Aug  6 12:24:14 es1 kernel: gran_size: 64K #011chunk_size: 128G #011num_reg: 4  #011lose cover RAM: 0G
Aug  6 12:24:14 es1 kernel: e820: last_pfn = 0x6f800 max_arch_pfn = 0x400000000
Aug  6 12:24:14 es1 kernel: Using GB pages for direct mapping
Aug  6 12:24:14 es1 kernel: RAMDISK: [mem 0x35775000-0x36bb2fff]
Aug  6 12:24:14 es1 kernel: Early table checksum verification disabled
Aug  6 12:24:14 es1 kernel: ACPI: RSDP 00000000000f05b0 00024 (v02 ALASKA)
Aug  6 12:24:14 es1 kernel: ACPI: XSDT 000000006c6560c8 0010C (v01 ALASKA   A M I  01072009 AMI  00010013)
Aug  6 12:24:14 es1 kernel: ACPI: FACP 000000006c6a4810 00114 (v06 ALASKA   A M I  01072009 INTL 20091013)
Aug  6 12:24:14 es1 kernel: ACPI: DSDT 000000006c656268 4E5A2 (v02 ALASKA   A M I  01072009 INTL 20091013)
Aug  6 12:24:14 es1 kernel: ACPI: FACS 000000006d191080 00040
Aug  6 12:24:14 es1 kernel: ACPI: FPDT 000000006c6a4928 00044 (v01 ALASKA   A M I  01072009 AMI  00010013)
Aug  6 12:24:14 es1 kernel: ACPI: FIDT 000000006c6a4970 0009C (v01 ALASKA    A M I 01072009 AMI  00010013)
Aug  6 12:24:14 es1 kernel: ACPI: SPMI 000000006c6a4a10 00041 (v05 ALASKA   A M I  00000000 AMI. 00000000)
Aug  6 12:24:14 es1 kernel: ACPI: UEFI 000000006c6a4a58 0005C (v01  INTEL RstUefiV 00000000      00000000)
Aug  6 12:24:14 es1 kernel: ACPI: UEFI 000000006c6a4ab8 00042 (v01 ALASKA   A M I  01072009      01000013)
Aug  6 12:24:14 es1 kernel: ACPI: MCFG 000000006c6a4b00 0003C (v01 ALASKA    A M I 01072009 MSFT 00000097)
Aug  6 12:24:14 es1 kernel: ACPI: HPET 000000006c6a4b40 00038 (v01 ALASKA   A M I  00000001 INTL 20091013)
Aug  6 12:24:14 es1 kernel: ACPI: APIC 000000006c6a4b78 016DE (v03 ALASKA   A M I  00000000 INTL 20091013)
Aug  6 12:24:14 es1 kernel: ACPI: MIGT 000000006c6a6258 00040 (v01 ALASKA   A M I  00000000 INTL 20091013)
Aug  6 12:24:14 es1 kernel: ACPI: MSCT 000000006c6a6298 00090 (v01 ALASKA   A M I  00000001 INTL 20091013)
Aug  6 12:24:14 es1 kernel: ACPI: NFIT 000000006c6a6328 18028 (v01                 00000000      00000000)
Aug  6 12:24:14 es1 kernel: ACPI: PCAT 000000006c6be350 00048 (v01 ALASKA   A M I  00000002 INTL 20091013)
Aug  6 12:24:14 es1 kernel: ACPI: PCCT 000000006c6be398 0006E (v01 ALASKA   A M I  00000002 INTL 20091013)
Aug  6 12:24:14 es1 kernel: ACPI: RASF 000000006c6be408 00030 (v01 ALASKA   A M I  00000001 INTL 20091013)
Aug  6 12:24:14 es1 kernel: ACPI: SLIT 000000006c6be438 00030 (v01 ALASKA   A M I  00000001 INTL 20091013)
Aug  6 12:24:14 es1 kernel: ACPI: SRAT 000000006c6be468 02830 (v03 ALASKA   A M I  00000002 INTL 20091013)
Aug  6 12:24:14 es1 kernel: ACPI: SVOS 000000006c6c0c98 00032 (v01 ALASKA   A M I  00000000 INTL 20091013)
Aug  6 12:24:14 es1 kernel: ACPI: WDDT 000000006c6c0cd0 00040 (v01 ALASKA   A M I  00000000 INTL 20091013)
Aug  6 12:24:14 es1 kernel: ACPI: OEM4 000000006c6c0d10 A27C4 (v02  INTEL CPU  CST 00003000 INTL 20140828)
Aug  6 12:24:14 es1 kernel: ACPI: OEM2 000000006c7634d8 19464 (v02  INTEL CPU  HWP 00003000 INTL 20140828)
Aug  6 12:24:14 es1 kernel: ACPI: SSDT 000000006c77c940 33990 (v02  INTEL SSDT  PM 00004000 INTL 20140828)
Aug  6 12:24:14 es1 kernel: ACPI: SSDT 000000006c7b02d0 0065B (v02 ALASKA   A M I  00000000 INTL 20091013)
Aug  6 12:24:14 es1 kernel: ACPI: SSDT 000000006c7b0930 029FD (v02  INTEL SpsNm    00000002 INTL 20140828)
Aug  6 12:24:14 es1 kernel: ACPI: DMAR 000000006c7b3330 00238 (v01 ALASKA   A M I  00000001 INTL 20091013)
Aug  6 12:24:14 es1 kernel: ACPI: HEST 000000006c7b3568 000A8 (v01 ALASKA   A M I  00000001 INTL 00000001)
Aug  6 12:24:14 es1 kernel: ACPI: BERT 000000006c7b3610 00030 (v01 ALASKA   A M I  00000001 INTL 00000001)
Aug  6 12:24:14 es1 kernel: ACPI: ERST 000000006c7b3640 00230 (v01 ALASKA   A M I  00000001 INTL 00000001)
Aug  6 12:24:14 es1 kernel: ACPI: EINJ 000000006c7b3870 00150 (v01 ALASKA   A M I  00000001 INTL 00000001)
Aug  6 12:24:14 es1 kernel: SRAT: PXM 0 -> APIC 0x00 -> Node 0
Aug  6 12:24:14 es1 kernel: SRAT: PXM 0 -> APIC 0x02 -> Node 0
Aug  6 12:24:14 es1 kernel: SRAT: PXM 0 -> APIC 0x04 -> Node 0
Aug  6 12:24:14 es1 kernel: SRAT: PXM 0 -> APIC 0x06 -> Node 0
Aug  6 12:24:14 es1 kernel: SRAT: PXM 0 -> APIC 0x08 -> Node 0
Aug  6 12:24:14 es1 kernel: SRAT: PXM 0 -> APIC 0x10 -> Node 0
Aug  6 12:24:14 es1 kernel: SRAT: PXM 0 -> APIC 0x12 -> Node 0
Aug  6 12:24:14 es1 kernel: SRAT: PXM 0 -> APIC 0x14 -> Node 0
Aug  6 12:24:14 es1 kernel: SRAT: PXM 0 -> APIC 0x16 -> Node 0
Aug  6 12:24:14 es1 kernel: SRAT: PXM 0 -> APIC 0x18 -> Node 0
Aug  6 12:24:14 es1 kernel: SRAT: PXM 1 -> APIC 0x20 -> Node 1
Aug  6 12:24:14 es1 kernel: SRAT: PXM 1 -> APIC 0x22 -> Node 1
Aug  6 12:24:14 es1 kernel: SRAT: PXM 1 -> APIC 0x24 -> Node 1
Aug  6 12:24:14 es1 kernel: SRAT: PXM 1 -> APIC 0x26 -> Node 1
Aug  6 12:24:14 es1 kernel: SRAT: PXM 1 -> APIC 0x28 -> Node 1
Aug  6 12:24:14 es1 kernel: SRAT: PXM 1 -> APIC 0x30 -> Node 1
Aug  6 12:24:14 es1 kernel: SRAT: PXM 1 -> APIC 0x32 -> Node 1
Aug  6 12:24:14 es1 kernel: SRAT: PXM 1 -> APIC 0x34 -> Node 1
Aug  6 12:24:14 es1 kernel: SRAT: PXM 1 -> APIC 0x36 -> Node 1
Aug  6 12:24:14 es1 kernel: SRAT: PXM 1 -> APIC 0x38 -> Node 1
Aug  6 12:24:14 es1 kernel: SRAT: PXM 0 -> APIC 0x01 -> Node 0
Aug  6 12:24:14 es1 kernel: SRAT: PXM 0 -> APIC 0x03 -> Node 0
Aug  6 12:24:14 es1 kernel: SRAT: PXM 0 -> APIC 0x05 -> Node 0
Aug  6 12:24:14 es1 kernel: SRAT: PXM 0 -> APIC 0x07 -> Node 0
Aug  6 12:24:14 es1 kernel: SRAT: PXM 0 -> APIC 0x09 -> Node 0
Aug  6 12:24:14 es1 kernel: SRAT: PXM 0 -> APIC 0x11 -> Node 0
Aug  6 12:24:14 es1 kernel: SRAT: PXM 0 -> APIC 0x13 -> Node 0
Aug  6 12:24:14 es1 kernel: SRAT: PXM 0 -> APIC 0x15 -> Node 0
Aug  6 12:24:14 es1 kernel: SRAT: PXM 0 -> APIC 0x17 -> Node 0
Aug  6 12:24:14 es1 kernel: SRAT: PXM 0 -> APIC 0x19 -> Node 0
Aug  6 12:24:14 es1 kernel: SRAT: PXM 1 -> APIC 0x21 -> Node 1
Aug  6 12:24:14 es1 kernel: SRAT: PXM 1 -> APIC 0x23 -> Node 1
Aug  6 12:24:14 es1 kernel: SRAT: PXM 1 -> APIC 0x25 -> Node 1
Aug  6 12:24:14 es1 kernel: SRAT: PXM 1 -> APIC 0x27 -> Node 1
Aug  6 12:24:14 es1 kernel: SRAT: PXM 1 -> APIC 0x29 -> Node 1
Aug  6 12:24:14 es1 kernel: SRAT: PXM 1 -> APIC 0x31 -> Node 1
Aug  6 12:24:14 es1 kernel: SRAT: PXM 1 -> APIC 0x33 -> Node 1
Aug  6 12:24:14 es1 kernel: SRAT: PXM 1 -> APIC 0x35 -> Node 1
Aug  6 12:24:14 es1 kernel: SRAT: PXM 1 -> APIC 0x37 -> Node 1
Aug  6 12:24:14 es1 kernel: SRAT: PXM 1 -> APIC 0x39 -> Node 1
Aug  6 12:24:14 es1 kernel: SRAT: Node 0 PXM 0 [mem 0x00000000-0x7fffffff]
Aug  6 12:24:14 es1 kernel: SRAT: Node 0 PXM 0 [mem 0x100000000-0x107fffffff]
Aug  6 12:24:14 es1 kernel: SRAT: Node 1 PXM 1 [mem 0x1080000000-0x207fffffff]
Aug  6 12:24:14 es1 kernel: NUMA: Node 0 [mem 0x00000000-0x7fffffff] + [mem 0x100000000-0x107fffffff] -> [mem 0x00000000-0x107fffffff]
Aug  6 12:24:14 es1 kernel: NODE_DATA(0) allocated [mem 0x107ffd9000-0x107fffffff]
Aug  6 12:24:14 es1 kernel: NODE_DATA(1) allocated [mem 0x207ffd6000-0x207fffcfff]
Aug  6 12:24:14 es1 kernel: Reserving 128MB of memory at 720MB for crashkernel (System RAM: 130730MB)
Aug  6 12:24:14 es1 kernel: Zone ranges:
Aug  6 12:24:14 es1 kernel:  DMA      [mem 0x00001000-0x00ffffff]
Aug  6 12:24:14 es1 kernel:  DMA32    [mem 0x01000000-0xffffffff]
Aug  6 12:24:14 es1 kernel:  Normal   [mem 0x100000000-0x207fffffff]
Aug  6 12:24:14 es1 kernel: Movable zone start for each node
Aug  6 12:24:14 es1 kernel: Early memory node ranges
Aug  6 12:24:14 es1 kernel:  node   0: [mem 0x00001000-0x00099fff]
Aug  6 12:24:14 es1 kernel:  node   0: [mem 0x00100000-0x6a414fff]
Aug  6 12:24:14 es1 kernel:  node   0: [mem 0x6c515000-0x6c655fff]
Aug  6 12:24:14 es1 kernel:  node   0: [mem 0x6f2e8000-0x6f7fffff]
Aug  6 12:24:14 es1 kernel:  node   0: [mem 0x100000000-0x107fffffff]
Aug  6 12:24:14 es1 kernel:  node   1: [mem 0x1080000000-0x207fffffff]
Aug  6 12:24:14 es1 kernel: Initmem setup node 0 [mem 0x00001000-0x107fffffff]
Aug  6 12:24:14 es1 kernel: Initmem setup node 1 [mem 0x1080000000-0x207fffffff]
Aug  6 12:24:14 es1 kernel: ACPI: PM-Timer IO Port: 0x508
Aug  6 12:24:14 es1 kernel: ACPI: LAPIC (acpi_id[0x00] lapic_id[0x00] enabled)
Aug  6 12:24:14 es1 kernel: ACPI: LAPIC (acpi_id[0x02] lapic_id[0x02] enabled)
Aug  6 12:24:14 es1 kernel: ACPI: LAPIC (acpi_id[0x04] lapic_id[0x04] enabled)
Aug  6 12:24:14 es1 kernel: ACPI: LAPIC (acpi_id[0x06] lapic_id[0x06] enabled)
Aug  6 12:24:14 es1 kernel: ACPI: LAPIC (acpi_id[0x08] lapic_id[0x08] enabled)
Aug  6 12:24:14 es1 kernel: ACPI: LAPIC (acpi_id[0x10] lapic_id[0x10] enabled)
Aug  6 12:24:14 es1 kernel: ACPI: LAPIC (acpi_id[0x12] lapic_id[0x12] enabled)
Aug  6 12:24:14 es1 kernel: ACPI: LAPIC (acpi_id[0x14] lapic_id[0x14] enabled)
Aug  6 12:24:14 es1 kernel: ACPI: LAPIC (acpi_id[0x16] lapic_id[0x16] enabled)
Aug  6 12:24:14 es1 kernel: ACPI: LAPIC (acpi_id[0x18] lapic_id[0x18] enabled)
Aug  6 12:24:14 es1 kernel: ACPI: LAPIC (acpi_id[0x38] lapic_id[0x20] enabled)
Aug  6 12:24:14 es1 kernel: ACPI: LAPIC (acpi_id[0x3a] lapic_id[0x22] enabled)
Aug  6 12:24:14 es1 kernel: ACPI: LAPIC (acpi_id[0x3c] lapic_id[0x24] enabled)
Aug  6 12:24:14 es1 kernel: ACPI: LAPIC (acpi_id[0x3e] lapic_id[0x26] enabled)
Aug  6 12:24:14 es1 kernel: ACPI: LAPIC (acpi_id[0x40] lapic_id[0x28] enabled)
Aug  6 12:24:14 es1 kernel: ACPI: LAPIC (acpi_id[0x48] lapic_id[0x30] enabled)
Aug  6 12:24:14 es1 kernel: ACPI: LAPIC (acpi_id[0x4a] lapic_id[0x32] enabled)
Aug  6 12:24:14 es1 kernel: ACPI: LAPIC (acpi_id[0x4c] lapic_id[0x34] enabled)
Aug  6 12:24:14 es1 kernel: ACPI: LAPIC (acpi_id[0x4e] lapic_id[0x36] enabled)
Aug  6 12:24:14 es1 kernel: ACPI: LAPIC (acpi_id[0x50] lapic_id[0x38] enabled)
Aug  6 12:24:14 es1 kernel: ACPI: LAPIC (acpi_id[0x01] lapic_id[0x01] enabled)
Aug  6 12:24:14 es1 kernel: ACPI: LAPIC (acpi_id[0x03] lapic_id[0x03] enabled)
Aug  6 12:24:14 es1 kernel: ACPI: LAPIC (acpi_id[0x05] lapic_id[0x05] enabled)
Aug  6 12:24:14 es1 kernel: ACPI: LAPIC (acpi_id[0x07] lapic_id[0x07] enabled)
Aug  6 12:24:14 es1 kernel: ACPI: LAPIC (acpi_id[0x09] lapic_id[0x09] enabled)
Aug  6 12:24:14 es1 kernel: ACPI: LAPIC (acpi_id[0x11] lapic_id[0x11] enabled)
Aug  6 12:24:14 es1 kernel: ACPI: LAPIC (acpi_id[0x13] lapic_id[0x13] enabled)
Aug  6 12:24:14 es1 kernel: ACPI: LAPIC (acpi_id[0x15] lapic_id[0x15] enabled)
Aug  6 12:24:14 es1 kernel: ACPI: LAPIC (acpi_id[0x17] lapic_id[0x17] enabled)
Aug  6 12:24:14 es1 kernel: ACPI: LAPIC (acpi_id[0x19] lapic_id[0x19] enabled)
Aug  6 12:24:14 es1 kernel: ACPI: LAPIC (acpi_id[0x39] lapic_id[0x21] enabled)
Aug  6 12:24:14 es1 kernel: ACPI: LAPIC (acpi_id[0x3b] lapic_id[0x23] enabled)
Aug  6 12:24:14 es1 kernel: ACPI: LAPIC (acpi_id[0x3d] lapic_id[0x25] enabled)
Aug  6 12:24:14 es1 kernel: ACPI: LAPIC (acpi_id[0x3f] lapic_id[0x27] enabled)
Aug  6 12:24:14 es1 kernel: ACPI: LAPIC (acpi_id[0x41] lapic_id[0x29] enabled)
Aug  6 12:24:14 es1 kernel: ACPI: LAPIC (acpi_id[0x49] lapic_id[0x31] enabled)
Aug  6 12:24:14 es1 kernel: ACPI: LAPIC (acpi_id[0x4b] lapic_id[0x33] enabled)
Aug  6 12:24:14 es1 kernel: ACPI: LAPIC (acpi_id[0x4d] lapic_id[0x35] enabled)
Aug  6 12:24:14 es1 kernel: ACPI: LAPIC (acpi_id[0x4f] lapic_id[0x37] enabled)
Aug  6 12:24:14 es1 kernel: ACPI: LAPIC (acpi_id[0x51] lapic_id[0x39] enabled)
Aug  6 12:24:14 es1 kernel: ACPI: LAPIC (acpi_id[0xff] lapic_id[0xff] disabled)
Aug  6 12:24:14 es1 kernel: ACPI: LAPIC (acpi_id[0xff] lapic_id[0xff] disabled)
Aug  6 12:24:14 es1 kernel: ACPI: LAPIC (acpi_id[0xff] lapic_id[0xff] disabled)
Aug  6 12:24:14 es1 kernel: ACPI: LAPIC (acpi_id[0xff] lapic_id[0xff] disabled)
Aug  6 12:24:14 es1 kernel: ACPI: LAPIC (acpi_id[0xff] lapic_id[0xff] disabled)
Aug  6 12:24:14 es1 kernel: ACPI: LAPIC (acpi_id[0xff] lapic_id[0xff] disabled)
Aug  6 12:24:14 es1 kernel: ACPI: LAPIC (acpi_id[0xff] lapic_id[0xff] disabled)
Aug  6 12:24:14 es1 kernel: ACPI: LAPIC (acpi_id[0xff] lapic_id[0xff] disabled)
Aug  6 12:24:14 es1 kernel: ACPI: LAPIC (acpi_id[0xff] lapic_id[0xff] disabled)
Aug  6 12:24:14 es1 kernel: ACPI: LAPIC (acpi_id[0xff] lapic_id[0xff] disabled)
Aug  6 12:24:14 es1 kernel: ACPI: LAPIC (acpi_id[0xff] lapic_id[0xff] disabled)
Aug  6 12:24:14 es1 kernel: ACPI: LAPIC (acpi_id[0xff] lapic_id[0xff] disabled)
Aug  6 12:24:14 es1 kernel: ACPI: LAPIC (acpi_id[0xff] lapic_id[0xff] disabled)
Aug  6 12:24:14 es1 kernel: ACPI: LAPIC (acpi_id[0xff] lapic_id[0xff] disabled)
Aug  6 12:24:14 es1 kernel: ACPI: LAPIC (acpi_id[0xff] lapic_id[0xff] disabled)
Aug  6 12:24:14 es1 kernel: ACPI: LAPIC (acpi_id[0xff] lapic_id[0xff] disabled)
Aug  6 12:24:14 es1 kernel: ACPI: LAPIC (acpi_id[0xff] lapic_id[0xff] disabled)
Aug  6 12:24:14 es1 kernel: ACPI: LAPIC (acpi_id[0xff] lapic_id[0xff] disabled)
Aug  6 12:24:14 es1 kernel: ACPI: LAPIC (acpi_id[0xff] lapic_id[0xff] disabled)
Aug  6 12:24:14 es1 kernel: ACPI: LAPIC (acpi_id[0xff] lapic_id[0xff] disabled)
Aug  6 12:24:14 es1 kernel: ACPI: LAPIC (acpi_id[0xff] lapic_id[0xff] disabled)
Aug  6 12:24:14 es1 kernel: ACPI: LAPIC (acpi_id[0xff] lapic_id[0xff] disabled)
Aug  6 12:24:14 es1 kernel: ACPI: LAPIC (acpi_id[0xff] lapic_id[0xff] disabled)
Aug  6 12:24:14 es1 kernel: ACPI: LAPIC (acpi_id[0xff] lapic_id[0xff] disabled)
Aug  6 12:24:14 es1 kernel: ACPI: LAPIC (acpi_id[0xff] lapic_id[0xff] disabled)
Aug  6 12:24:14 es1 kernel: ACPI: LAPIC (acpi_id[0xff] lapic_id[0xff] disabled)
Aug  6 12:24:14 es1 kernel: ACPI: LAPIC (acpi_id[0xff] lapic_id[0xff] disabled)
Aug  6 12:24:14 es1 kernel: ACPI: LAPIC (acpi_id[0xff] lapic_id[0xff] disabled)
Aug  6 12:24:14 es1 kernel: ACPI: LAPIC (acpi_id[0xff] lapic_id[0xff] disabled)
Aug  6 12:24:14 es1 kernel: ACPI: LAPIC (acpi_id[0xff] lapic_id[0xff] disabled)
Aug  6 12:24:14 es1 kernel: ACPI: LAPIC (acpi_id[0xff] lapic_id[0xff] disabled)
Aug  6 12:24:14 es1 kernel: ACPI: LAPIC (acpi_id[0xff] lapic_id[0xff] disabled)
Aug  6 12:24:14 es1 kernel: ACPI: LAPIC (acpi_id[0xff] lapic_id[0xff] disabled)
Aug  6 12:24:14 es1 kernel: ACPI: LAPIC (acpi_id[0xff] lapic_id[0xff] disabled)
Aug  6 12:24:14 es1 kernel: ACPI: LAPIC (acpi_id[0xff] lapic_id[0xff] disabled)
Aug  6 12:24:14 es1 kernel: ACPI: LAPIC (acpi_id[0xff] lapic_id[0xff] disabled)
Aug  6 12:24:14 es1 kernel: ACPI: LAPIC (acpi_id[0xff] lapic_id[0xff] disabled)
Aug  6 12:24:14 es1 kernel: ACPI: LAPIC (acpi_id[0xff] lapic_id[0xff] disabled)
Aug  6 12:24:14 es1 kernel: ACPI: LAPIC (acpi_id[0xff] lapic_id[0xff] disabled)
Aug  6 12:24:14 es1 kernel: ACPI: LAPIC (acpi_id[0xff] lapic_id[0xff] disabled)
Aug  6 12:24:14 es1 kernel: ACPI: LAPIC (acpi_id[0xff] lapic_id[0xff] disabled)
Aug  6 12:24:14 es1 kernel: ACPI: LAPIC (acpi_id[0xff] lapic_id[0xff] disabled)
Aug  6 12:24:14 es1 kernel: ACPI: LAPIC (acpi_id[0xff] lapic_id[0xff] disabled)
Aug  6 12:24:14 es1 kernel: ACPI: LAPIC (acpi_id[0xff] lapic_id[0xff] disabled)
Aug  6 12:24:14 es1 kernel: ACPI: LAPIC (acpi_id[0xff] lapic_id[0xff] disabled)
Aug  6 12:24:14 es1 kernel: ACPI: LAPIC (acpi_id[0xff] lapic_id[0xff] disabled)
Aug  6 12:24:14 es1 kernel: ACPI: LAPIC (acpi_id[0xff] lapic_id[0xff] disabled)
Aug  6 12:24:14 es1 kernel: ACPI: LAPIC (acpi_id[0xff] lapic_id[0xff] disabled)
Aug  6 12:24:14 es1 kernel: ACPI: LAPIC (acpi_id[0xff] lapic_id[0xff] disabled)
Aug  6 12:24:14 es1 kernel: ACPI: LAPIC (acpi_id[0xff] lapic_id[0xff] disabled)
Aug  6 12:24:14 es1 kernel: ACPI: LAPIC (acpi_id[0xff] lapic_id[0xff] disabled)
Aug  6 12:24:14 es1 kernel: ACPI: LAPIC (acpi_id[0xff] lapic_id[0xff] disabled)
Aug  6 12:24:14 es1 kernel: ACPI: LAPIC (acpi_id[0xff] lapic_id[0xff] disabled)
Aug  6 12:24:14 es1 kernel: ACPI: LAPIC (acpi_id[0xff] lapic_id[0xff] disabled)
Aug  6 12:24:14 es1 kernel: ACPI: LAPIC (acpi_id[0xff] lapic_id[0xff] disabled)
Aug  6 12:24:14 es1 kernel: ACPI: LAPIC (acpi_id[0xff] lapic_id[0xff] disabled)
Aug  6 12:24:14 es1 kernel: ACPI: LAPIC (acpi_id[0xff] lapic_id[0xff] disabled)
Aug  6 12:24:14 es1 kernel: ACPI: LAPIC (acpi_id[0xff] lapic_id[0xff] disabled)
Aug  6 12:24:14 es1 kernel: ACPI: LAPIC (acpi_id[0xff] lapic_id[0xff] disabled)
Aug  6 12:24:14 es1 kernel: ACPI: LAPIC (acpi_id[0xff] lapic_id[0xff] disabled)
Aug  6 12:24:14 es1 kernel: ACPI: LAPIC (acpi_id[0xff] lapic_id[0xff] disabled)
Aug  6 12:24:14 es1 kernel: ACPI: LAPIC (acpi_id[0xff] lapic_id[0xff] disabled)
Aug  6 12:24:14 es1 kernel: ACPI: LAPIC (acpi_id[0xff] lapic_id[0xff] disabled)
Aug  6 12:24:14 es1 kernel: ACPI: LAPIC (acpi_id[0xff] lapic_id[0xff] disabled)
Aug  6 12:24:14 es1 kernel: ACPI: LAPIC (acpi_id[0xff] lapic_id[0xff] disabled)
Aug  6 12:24:14 es1 kernel: ACPI: LAPIC (acpi_id[0xff] lapic_id[0xff] disabled)
Aug  6 12:24:14 es1 kernel: ACPI: LAPIC (acpi_id[0xff] lapic_id[0xff] disabled)
Aug  6 12:24:14 es1 kernel: ACPI: LAPIC (acpi_id[0xff] lapic_id[0xff] disabled)
Aug  6 12:24:14 es1 kernel: ACPI: LAPIC (acpi_id[0xff] lapic_id[0xff] disabled)
Aug  6 12:24:14 es1 kernel: ACPI: LAPIC (acpi_id[0xff] lapic_id[0xff] disabled)
Aug  6 12:24:14 es1 kernel: ACPI: LAPIC (acpi_id[0xff] lapic_id[0xff] disabled)
Aug  6 12:24:14 es1 kernel: ACPI: LAPIC (acpi_id[0xff] lapic_id[0xff] disabled)
Aug  6 12:24:14 es1 kernel: ACPI: LAPIC (acpi_id[0xff] lapic_id[0xff] disabled)
Aug  6 12:24:14 es1 kernel: ACPI: LAPIC (acpi_id[0xff] lapic_id[0xff] disabled)
Aug  6 12:24:14 es1 kernel: ACPI: LAPIC (acpi_id[0xff] lapic_id[0xff] disabled)
Aug  6 12:24:14 es1 kernel: ACPI: LAPIC (acpi_id[0xff] lapic_id[0xff] disabled)
Aug  6 12:24:14 es1 kernel: ACPI: LAPIC (acpi_id[0xff] lapic_id[0xff] disabled)
Aug  6 12:24:14 es1 kernel: ACPI: LAPIC (acpi_id[0xff] lapic_id[0xff] disabled)
Aug  6 12:24:14 es1 kernel: ACPI: LAPIC (acpi_id[0xff] lapic_id[0xff] disabled)
Aug  6 12:24:14 es1 kernel: ACPI: LAPIC (acpi_id[0xff] lapic_id[0xff] disabled)
Aug  6 12:24:14 es1 kernel: ACPI: LAPIC (acpi_id[0xff] lapic_id[0xff] disabled)
Aug  6 12:24:14 es1 kernel: ACPI: LAPIC (acpi_id[0xff] lapic_id[0xff] disabled)
Aug  6 12:24:14 es1 kernel: ACPI: LAPIC (acpi_id[0xff] lapic_id[0xff] disabled)
Aug  6 12:24:14 es1 kernel: ACPI: LAPIC (acpi_id[0xff] lapic_id[0xff] disabled)
Aug  6 12:24:14 es1 kernel: ACPI: LAPIC (acpi_id[0xff] lapic_id[0xff] disabled)
Aug  6 12:24:14 es1 kernel: ACPI: LAPIC (acpi_id[0xff] lapic_id[0xff] disabled)
Aug  6 12:24:14 es1 kernel: ACPI: LAPIC (acpi_id[0xff] lapic_id[0xff] disabled)
Aug  6 12:24:14 es1 kernel: ACPI: LAPIC (acpi_id[0xff] lapic_id[0xff] disabled)
Aug  6 12:24:14 es1 kernel: ACPI: LAPIC (acpi_id[0xff] lapic_id[0xff] disabled)
Aug  6 12:24:14 es1 kernel: ACPI: LAPIC (acpi_id[0xff] lapic_id[0xff] disabled)
Aug  6 12:24:14 es1 kernel: ACPI: LAPIC (acpi_id[0xff] lapic_id[0xff] disabled)
Aug  6 12:24:14 es1 kernel: ACPI: LAPIC (acpi_id[0xff] lapic_id[0xff] disabled)
Aug  6 12:24:14 es1 kernel: ACPI: LAPIC (acpi_id[0xff] lapic_id[0xff] disabled)
Aug  6 12:24:14 es1 kernel: ACPI: LAPIC (acpi_id[0xff] lapic_id[0xff] disabled)
Aug  6 12:24:14 es1 kernel: ACPI: LAPIC (acpi_id[0xff] lapic_id[0xff] disabled)
Aug  6 12:24:14 es1 kernel: ACPI: LAPIC (acpi_id[0xff] lapic_id[0xff] disabled)
Aug  6 12:24:14 es1 kernel: ACPI: LAPIC (acpi_id[0xff] lapic_id[0xff] disabled)
Aug  6 12:24:14 es1 kernel: ACPI: LAPIC (acpi_id[0xff] lapic_id[0xff] disabled)
Aug  6 12:24:14 es1 kernel: ACPI: LAPIC (acpi_id[0xff] lapic_id[0xff] disabled)
Aug  6 12:24:14 es1 kernel: ACPI: LAPIC (acpi_id[0xff] lapic_id[0xff] disabled)
Aug  6 12:24:14 es1 kernel: ACPI: LAPIC (acpi_id[0xff] lapic_id[0xff] disabled)
Aug  6 12:24:14 es1 kernel: ACPI: LAPIC (acpi_id[0xff] lapic_id[0xff] disabled)
Aug  6 12:24:14 es1 kernel: ACPI: LAPIC (acpi_id[0xff] lapic_id[0xff] disabled)
Aug  6 12:24:14 es1 kernel: ACPI: LAPIC (acpi_id[0xff] lapic_id[0xff] disabled)
Aug  6 12:24:14 es1 kernel: ACPI: LAPIC (acpi_id[0xff] lapic_id[0xff] disabled)
Aug  6 12:24:14 es1 kernel: ACPI: LAPIC (acpi_id[0xff] lapic_id[0xff] disabled)
Aug  6 12:24:14 es1 kernel: ACPI: LAPIC (acpi_id[0xff] lapic_id[0xff] disabled)
Aug  6 12:24:14 es1 kernel: ACPI: LAPIC (acpi_id[0xff] lapic_id[0xff] disabled)
Aug  6 12:24:14 es1 kernel: ACPI: LAPIC (acpi_id[0xff] lapic_id[0xff] disabled)
Aug  6 12:24:14 es1 kernel: ACPI: LAPIC (acpi_id[0xff] lapic_id[0xff] disabled)
Aug  6 12:24:14 es1 kernel: ACPI: LAPIC (acpi_id[0xff] lapic_id[0xff] disabled)
Aug  6 12:24:14 es1 kernel: ACPI: LAPIC (acpi_id[0xff] lapic_id[0xff] disabled)
Aug  6 12:24:14 es1 kernel: ACPI: LAPIC (acpi_id[0xff] lapic_id[0xff] disabled)
Aug  6 12:24:14 es1 kernel: ACPI: LAPIC (acpi_id[0xff] lapic_id[0xff] disabled)
Aug  6 12:24:14 es1 kernel: ACPI: LAPIC (acpi_id[0xff] lapic_id[0xff] disabled)
Aug  6 12:24:14 es1 kernel: ACPI: LAPIC (acpi_id[0xff] lapic_id[0xff] disabled)
Aug  6 12:24:14 es1 kernel: ACPI: LAPIC (acpi_id[0xff] lapic_id[0xff] disabled)
Aug  6 12:24:14 es1 kernel: ACPI: LAPIC (acpi_id[0xff] lapic_id[0xff] disabled)
Aug  6 12:24:14 es1 kernel: ACPI: LAPIC (acpi_id[0xff] lapic_id[0xff] disabled)
Aug  6 12:24:14 es1 kernel: ACPI: LAPIC (acpi_id[0xff] lapic_id[0xff] disabled)
Aug  6 12:24:14 es1 kernel: ACPI: LAPIC (acpi_id[0xff] lapic_id[0xff] disabled)
Aug  6 12:24:14 es1 kernel: ACPI: LAPIC (acpi_id[0xff] lapic_id[0xff] disabled)
Aug  6 12:24:14 es1 kernel: ACPI: LAPIC (acpi_id[0xff] lapic_id[0xff] disabled)
Aug  6 12:24:14 es1 kernel: ACPI: LAPIC (acpi_id[0xff] lapic_id[0xff] disabled)
Aug  6 12:24:14 es1 kernel: ACPI: LAPIC (acpi_id[0xff] lapic_id[0xff] disabled)
Aug  6 12:24:14 es1 kernel: ACPI: LAPIC (acpi_id[0xff] lapic_id[0xff] disabled)
Aug  6 12:24:14 es1 kernel: ACPI: LAPIC (acpi_id[0xff] lapic_id[0xff] disabled)
Aug  6 12:24:14 es1 kernel: ACPI: LAPIC (acpi_id[0xff] lapic_id[0xff] disabled)
Aug  6 12:24:14 es1 kernel: ACPI: LAPIC (acpi_id[0xff] lapic_id[0xff] disabled)
Aug  6 12:24:14 es1 kernel: ACPI: LAPIC (acpi_id[0xff] lapic_id[0xff] disabled)
Aug  6 12:24:14 es1 kernel: ACPI: LAPIC (acpi_id[0xff] lapic_id[0xff] disabled)
Aug  6 12:24:14 es1 kernel: ACPI: LAPIC (acpi_id[0xff] lapic_id[0xff] disabled)
Aug  6 12:24:14 es1 kernel: ACPI: LAPIC (acpi_id[0xff] lapic_id[0xff] disabled)
Aug  6 12:24:14 es1 kernel: ACPI: LAPIC (acpi_id[0xff] lapic_id[0xff] disabled)
Aug  6 12:24:14 es1 kernel: ACPI: LAPIC (acpi_id[0xff] lapic_id[0xff] disabled)
Aug  6 12:24:14 es1 kernel: ACPI: LAPIC (acpi_id[0xff] lapic_id[0xff] disabled)
Aug  6 12:24:14 es1 kernel: ACPI: LAPIC (acpi_id[0xff] lapic_id[0xff] disabled)
Aug  6 12:24:14 es1 kernel: ACPI: LAPIC (acpi_id[0xff] lapic_id[0xff] disabled)
Aug  6 12:24:14 es1 kernel: ACPI: LAPIC (acpi_id[0xff] lapic_id[0xff] disabled)
Aug  6 12:24:14 es1 kernel: ACPI: LAPIC (acpi_id[0xff] lapic_id[0xff] disabled)
Aug  6 12:24:14 es1 kernel: ACPI: LAPIC (acpi_id[0xff] lapic_id[0xff] disabled)
Aug  6 12:24:14 es1 kernel: ACPI: LAPIC (acpi_id[0xff] lapic_id[0xff] disabled)
Aug  6 12:24:14 es1 kernel: ACPI: LAPIC (acpi_id[0xff] lapic_id[0xff] disabled)
Aug  6 12:24:14 es1 kernel: ACPI: LAPIC (acpi_id[0xff] lapic_id[0xff] disabled)
Aug  6 12:24:14 es1 kernel: ACPI: LAPIC (acpi_id[0xff] lapic_id[0xff] disabled)
Aug  6 12:24:14 es1 kernel: ACPI: LAPIC (acpi_id[0xff] lapic_id[0xff] disabled)
Aug  6 12:24:14 es1 kernel: ACPI: LAPIC (acpi_id[0xff] lapic_id[0xff] disabled)
Aug  6 12:24:14 es1 kernel: ACPI: LAPIC (acpi_id[0xff] lapic_id[0xff] disabled)
Aug  6 12:24:14 es1 kernel: ACPI: LAPIC (acpi_id[0xff] lapic_id[0xff] disabled)
Aug  6 12:24:14 es1 kernel: ACPI: LAPIC (acpi_id[0xff] lapic_id[0xff] disabled)
Aug  6 12:24:14 es1 kernel: ACPI: LAPIC (acpi_id[0xff] lapic_id[0xff] disabled)
Aug  6 12:24:14 es1 kernel: ACPI: LAPIC (acpi_id[0xff] lapic_id[0xff] disabled)
Aug  6 12:24:14 es1 kernel: ACPI: LAPIC (acpi_id[0xff] lapic_id[0xff] disabled)
Aug  6 12:24:14 es1 kernel: ACPI: LAPIC (acpi_id[0xff] lapic_id[0xff] disabled)
Aug  6 12:24:14 es1 kernel: ACPI: LAPIC (acpi_id[0xff] lapic_id[0xff] disabled)
Aug  6 12:24:14 es1 kernel: ACPI: LAPIC (acpi_id[0xff] lapic_id[0xff] disabled)
Aug  6 12:24:14 es1 kernel: ACPI: LAPIC (acpi_id[0xff] lapic_id[0xff] disabled)
Aug  6 12:24:14 es1 kernel: ACPI: LAPIC (acpi_id[0xff] lapic_id[0xff] disabled)
Aug  6 12:24:14 es1 kernel: ACPI: LAPIC (acpi_id[0xff] lapic_id[0xff] disabled)
Aug  6 12:24:14 es1 kernel: ACPI: LAPIC (acpi_id[0xff] lapic_id[0xff] disabled)
Aug  6 12:24:14 es1 kernel: ACPI: LAPIC (acpi_id[0xff] lapic_id[0xff] disabled)
Aug  6 12:24:14 es1 kernel: ACPI: LAPIC (acpi_id[0xff] lapic_id[0xff] disabled)
Aug  6 12:24:14 es1 kernel: ACPI: LAPIC (acpi_id[0xff] lapic_id[0xff] disabled)
Aug  6 12:24:14 es1 kernel: ACPI: LAPIC (acpi_id[0xff] lapic_id[0xff] disabled)
Aug  6 12:24:14 es1 kernel: ACPI: LAPIC (acpi_id[0xff] lapic_id[0xff] disabled)
Aug  6 12:24:14 es1 kernel: ACPI: LAPIC (acpi_id[0xff] lapic_id[0xff] disabled)
Aug  6 12:24:14 es1 kernel: ACPI: LAPIC (acpi_id[0xff] lapic_id[0xff] disabled)
Aug  6 12:24:14 es1 kernel: ACPI: LAPIC (acpi_id[0xff] lapic_id[0xff] disabled)
Aug  6 12:24:14 es1 kernel: ACPI: LAPIC (acpi_id[0xff] lapic_id[0xff] disabled)
Aug  6 12:24:14 es1 kernel: ACPI: LAPIC (acpi_id[0xff] lapic_id[0xff] disabled)
Aug  6 12:24:14 es1 kernel: ACPI: LAPIC (acpi_id[0xff] lapic_id[0xff] disabled)
Aug  6 12:24:14 es1 kernel: ACPI: LAPIC (acpi_id[0xff] lapic_id[0xff] disabled)
Aug  6 12:24:14 es1 kernel: ACPI: LAPIC (acpi_id[0xff] lapic_id[0xff] disabled)
Aug  6 12:24:14 es1 kernel: ACPI: LAPIC (acpi_id[0xff] lapic_id[0xff] disabled)
Aug  6 12:24:14 es1 kernel: ACPI: LAPIC (acpi_id[0xff] lapic_id[0xff] disabled)
Aug  6 12:24:14 es1 kernel: ACPI: LAPIC (acpi_id[0xff] lapic_id[0xff] disabled)
Aug  6 12:24:14 es1 kernel: ACPI: LAPIC (acpi_id[0xff] lapic_id[0xff] disabled)
Aug  6 12:24:14 es1 kernel: ACPI: LAPIC (acpi_id[0xff] lapic_id[0xff] disabled)
Aug  6 12:24:14 es1 kernel: ACPI: LAPIC (acpi_id[0xff] lapic_id[0xff] disabled)
Aug  6 12:24:14 es1 kernel: ACPI: LAPIC (acpi_id[0xff] lapic_id[0xff] disabled)
Aug  6 12:24:14 es1 kernel: ACPI: LAPIC (acpi_id[0xff] lapic_id[0xff] disabled)
Aug  6 12:24:14 es1 kernel: ACPI: LAPIC (acpi_id[0xff] lapic_id[0xff] disabled)
Aug  6 12:24:14 es1 kernel: ACPI: LAPIC (acpi_id[0xff] lapic_id[0xff] disabled)
Aug  6 12:24:14 es1 kernel: ACPI: LAPIC (acpi_id[0xff] lapic_id[0xff] disabled)
Aug  6 12:24:14 es1 kernel: ACPI: X2APIC (apic_id[0xffffffff] uid[0x00] disabled)
Aug  6 12:24:14 es1 kernel: ACPI: X2APIC (apic_id[0xffffffff] uid[0x01] disabled)
Aug  6 12:24:14 es1 kernel: ACPI: X2APIC (apic_id[0xffffffff] uid[0x02] disabled)
Aug  6 12:24:14 es1 kernel: ACPI: X2APIC (apic_id[0xffffffff] uid[0x03] disabled)
Aug  6 12:24:14 es1 kernel: ACPI: X2APIC (apic_id[0xffffffff] uid[0x04] disabled)
Aug  6 12:24:14 es1 kernel: ACPI: X2APIC (apic_id[0xffffffff] uid[0x05] disabled)
Aug  6 12:24:14 es1 kernel: ACPI: X2APIC (apic_id[0xffffffff] uid[0x06] disabled)
Aug  6 12:24:14 es1 kernel: ACPI: X2APIC (apic_id[0xffffffff] uid[0x07] disabled)
Aug  6 12:24:14 es1 kernel: ACPI: X2APIC (apic_id[0xffffffff] uid[0x08] disabled)
Aug  6 12:24:14 es1 kernel: ACPI: X2APIC (apic_id[0xffffffff] uid[0x09] disabled)
Aug  6 12:24:14 es1 kernel: ACPI: X2APIC (apic_id[0xffffffff] uid[0x0a] disabled)
Aug  6 12:24:14 es1 kernel: ACPI: X2APIC (apic_id[0xffffffff] uid[0x0b] disabled)
Aug  6 12:24:14 es1 kernel: ACPI: X2APIC (apic_id[0xffffffff] uid[0x0c] disabled)
Aug  6 12:24:14 es1 kernel: ACPI: X2APIC (apic_id[0xffffffff] uid[0x0d] disabled)
Aug  6 12:24:14 es1 kernel: ACPI: X2APIC (apic_id[0xffffffff] uid[0x0e] disabled)
Aug  6 12:24:14 es1 kernel: ACPI: X2APIC (apic_id[0xffffffff] uid[0x0f] disabled)
Aug  6 12:24:14 es1 kernel: ACPI: X2APIC (apic_id[0xffffffff] uid[0x10] disabled)
Aug  6 12:24:14 es1 kernel: ACPI: X2APIC (apic_id[0xffffffff] uid[0x11] disabled)
Aug  6 12:24:14 es1 kernel: ACPI: X2APIC (apic_id[0xffffffff] uid[0x12] disabled)
Aug  6 12:24:14 es1 kernel: ACPI: X2APIC (apic_id[0xffffffff] uid[0x13] disabled)
Aug  6 12:24:14 es1 kernel: ACPI: X2APIC (apic_id[0xffffffff] uid[0x14] disabled)
Aug  6 12:24:14 es1 kernel: ACPI: X2APIC (apic_id[0xffffffff] uid[0x15] disabled)
Aug  6 12:24:14 es1 kernel: ACPI: X2APIC (apic_id[0xffffffff] uid[0x16] disabled)
Aug  6 12:24:14 es1 kernel: ACPI: X2APIC (apic_id[0xffffffff] uid[0x17] disabled)
Aug  6 12:24:14 es1 kernel: ACPI: X2APIC (apic_id[0xffffffff] uid[0x18] disabled)
Aug  6 12:24:14 es1 kernel: ACPI: X2APIC (apic_id[0xffffffff] uid[0x19] disabled)
Aug  6 12:24:14 es1 kernel: ACPI: X2APIC (apic_id[0xffffffff] uid[0x1a] disabled)
Aug  6 12:24:14 es1 kernel: ACPI: X2APIC (apic_id[0xffffffff] uid[0x1b] disabled)
Aug  6 12:24:14 es1 kernel: ACPI: X2APIC (apic_id[0xffffffff] uid[0x1c] disabled)
Aug  6 12:24:14 es1 kernel: ACPI: X2APIC (apic_id[0xffffffff] uid[0x1d] disabled)
Aug  6 12:24:14 es1 kernel: ACPI: X2APIC (apic_id[0xffffffff] uid[0x1e] disabled)
Aug  6 12:24:14 es1 kernel: ACPI: X2APIC (apic_id[0xffffffff] uid[0x1f] disabled)
Aug  6 12:24:14 es1 kernel: ACPI: X2APIC (apic_id[0xffffffff] uid[0x20] disabled)
Aug  6 12:24:14 es1 kernel: ACPI: X2APIC (apic_id[0xffffffff] uid[0x21] disabled)
Aug  6 12:24:14 es1 kernel: ACPI: X2APIC (apic_id[0xffffffff] uid[0x22] disabled)
Aug  6 12:24:14 es1 kernel: ACPI: X2APIC (apic_id[0xffffffff] uid[0x23] disabled)
Aug  6 12:24:14 es1 kernel: ACPI: X2APIC (apic_id[0xffffffff] uid[0x24] disabled)
Aug  6 12:24:14 es1 kernel: ACPI: X2APIC (apic_id[0xffffffff] uid[0x25] disabled)
Aug  6 12:24:14 es1 kernel: ACPI: X2APIC (apic_id[0xffffffff] uid[0x26] disabled)
Aug  6 12:24:14 es1 kernel: ACPI: X2APIC (apic_id[0xffffffff] uid[0x27] disabled)
Aug  6 12:24:14 es1 kernel: ACPI: X2APIC (apic_id[0xffffffff] uid[0x28] disabled)
Aug  6 12:24:14 es1 kernel: ACPI: X2APIC (apic_id[0xffffffff] uid[0x29] disabled)
Aug  6 12:24:14 es1 kernel: ACPI: X2APIC (apic_id[0xffffffff] uid[0x2a] disabled)
Aug  6 12:24:14 es1 kernel: ACPI: X2APIC (apic_id[0xffffffff] uid[0x2b] disabled)
Aug  6 12:24:14 es1 kernel: ACPI: X2APIC (apic_id[0xffffffff] uid[0x2c] disabled)
Aug  6 12:24:14 es1 kernel: ACPI: X2APIC (apic_id[0xffffffff] uid[0x2d] disabled)
Aug  6 12:24:14 es1 kernel: ACPI: X2APIC (apic_id[0xffffffff] uid[0x2e] disabled)
Aug  6 12:24:14 es1 kernel: ACPI: X2APIC (apic_id[0xffffffff] uid[0x2f] disabled)
Aug  6 12:24:14 es1 kernel: ACPI: X2APIC (apic_id[0xffffffff] uid[0x30] disabled)
Aug  6 12:24:14 es1 kernel: ACPI: X2APIC (apic_id[0xffffffff] uid[0x31] disabled)
Aug  6 12:24:14 es1 kernel: ACPI: X2APIC (apic_id[0xffffffff] uid[0x32] disabled)
Aug  6 12:24:14 es1 kernel: ACPI: X2APIC (apic_id[0xffffffff] uid[0x33] disabled)
Aug  6 12:24:14 es1 kernel: ACPI: X2APIC (apic_id[0xffffffff] uid[0x34] disabled)
Aug  6 12:24:14 es1 kernel: ACPI: X2APIC (apic_id[0xffffffff] uid[0x35] disabled)
Aug  6 12:24:14 es1 kernel: ACPI: X2APIC (apic_id[0xffffffff] uid[0x36] disabled)
Aug  6 12:24:14 es1 kernel: ACPI: X2APIC (apic_id[0xffffffff] uid[0x37] disabled)
Aug  6 12:24:14 es1 kernel: ACPI: X2APIC (apic_id[0xffffffff] uid[0x38] disabled)
Aug  6 12:24:14 es1 kernel: ACPI: X2APIC (apic_id[0xffffffff] uid[0x39] disabled)
Aug  6 12:24:14 es1 kernel: ACPI: X2APIC (apic_id[0xffffffff] uid[0x3a] disabled)
Aug  6 12:24:14 es1 kernel: ACPI: X2APIC (apic_id[0xffffffff] uid[0x3b] disabled)
Aug  6 12:24:14 es1 kernel: ACPI: X2APIC (apic_id[0xffffffff] uid[0x3c] disabled)
Aug  6 12:24:14 es1 kernel: ACPI: X2APIC (apic_id[0xffffffff] uid[0x3d] disabled)
Aug  6 12:24:14 es1 kernel: ACPI: X2APIC (apic_id[0xffffffff] uid[0x3e] disabled)
Aug  6 12:24:14 es1 kernel: ACPI: X2APIC (apic_id[0xffffffff] uid[0x3f] disabled)
Aug  6 12:24:14 es1 kernel: ACPI: X2APIC (apic_id[0xffffffff] uid[0x40] disabled)
Aug  6 12:24:14 es1 kernel: ACPI: X2APIC (apic_id[0xffffffff] uid[0x41] disabled)
Aug  6 12:24:14 es1 kernel: ACPI: X2APIC (apic_id[0xffffffff] uid[0x42] disabled)
Aug  6 12:24:14 es1 kernel: ACPI: X2APIC (apic_id[0xffffffff] uid[0x43] disabled)
Aug  6 12:24:14 es1 kernel: ACPI: X2APIC (apic_id[0xffffffff] uid[0x44] disabled)
Aug  6 12:24:14 es1 kernel: ACPI: X2APIC (apic_id[0xffffffff] uid[0x45] disabled)
Aug  6 12:24:14 es1 kernel: ACPI: X2APIC (apic_id[0xffffffff] uid[0x46] disabled)
Aug  6 12:24:14 es1 kernel: ACPI: X2APIC (apic_id[0xffffffff] uid[0x47] disabled)
Aug  6 12:24:14 es1 kernel: ACPI: X2APIC (apic_id[0xffffffff] uid[0x48] disabled)
Aug  6 12:24:14 es1 kernel: ACPI: X2APIC (apic_id[0xffffffff] uid[0x49] disabled)
Aug  6 12:24:14 es1 kernel: ACPI: X2APIC (apic_id[0xffffffff] uid[0x4a] disabled)
Aug  6 12:24:14 es1 kernel: ACPI: X2APIC (apic_id[0xffffffff] uid[0x4b] disabled)
Aug  6 12:24:14 es1 kernel: ACPI: X2APIC (apic_id[0xffffffff] uid[0x4c] disabled)
Aug  6 12:24:14 es1 kernel: ACPI: X2APIC (apic_id[0xffffffff] uid[0x4d] disabled)
Aug  6 12:24:14 es1 kernel: ACPI: X2APIC (apic_id[0xffffffff] uid[0x4e] disabled)
Aug  6 12:24:14 es1 kernel: ACPI: X2APIC (apic_id[0xffffffff] uid[0x4f] disabled)
Aug  6 12:24:14 es1 kernel: ACPI: X2APIC (apic_id[0xffffffff] uid[0x50] disabled)
Aug  6 12:24:14 es1 kernel: ACPI: X2APIC (apic_id[0xffffffff] uid[0x51] disabled)
Aug  6 12:24:14 es1 kernel: ACPI: X2APIC (apic_id[0xffffffff] uid[0x52] disabled)
Aug  6 12:24:14 es1 kernel: ACPI: X2APIC (apic_id[0xffffffff] uid[0x53] disabled)
Aug  6 12:24:14 es1 kernel: ACPI: X2APIC (apic_id[0xffffffff] uid[0x54] disabled)
Aug  6 12:24:14 es1 kernel: ACPI: X2APIC (apic_id[0xffffffff] uid[0x55] disabled)
Aug  6 12:24:14 es1 kernel: ACPI: X2APIC (apic_id[0xffffffff] uid[0x56] disabled)
Aug  6 12:24:14 es1 kernel: ACPI: X2APIC (apic_id[0xffffffff] uid[0x57] disabled)
Aug  6 12:24:14 es1 kernel: ACPI: X2APIC (apic_id[0xffffffff] uid[0x58] disabled)
Aug  6 12:24:14 es1 kernel: ACPI: X2APIC (apic_id[0xffffffff] uid[0x59] disabled)
Aug  6 12:24:14 es1 kernel: ACPI: X2APIC (apic_id[0xffffffff] uid[0x5a] disabled)
Aug  6 12:24:14 es1 kernel: ACPI: X2APIC (apic_id[0xffffffff] uid[0x5b] disabled)
Aug  6 12:24:14 es1 kernel: ACPI: X2APIC (apic_id[0xffffffff] uid[0x5c] disabled)
Aug  6 12:24:14 es1 kernel: ACPI: X2APIC (apic_id[0xffffffff] uid[0x5d] disabled)
Aug  6 12:24:14 es1 kernel: ACPI: X2APIC (apic_id[0xffffffff] uid[0x5e] disabled)
Aug  6 12:24:14 es1 kernel: ACPI: X2APIC (apic_id[0xffffffff] uid[0x5f] disabled)
Aug  6 12:24:14 es1 kernel: ACPI: X2APIC (apic_id[0xffffffff] uid[0x60] disabled)
Aug  6 12:24:14 es1 kernel: ACPI: X2APIC (apic_id[0xffffffff] uid[0x61] disabled)
Aug  6 12:24:14 es1 kernel: ACPI: X2APIC (apic_id[0xffffffff] uid[0x62] disabled)
Aug  6 12:24:14 es1 kernel: ACPI: X2APIC (apic_id[0xffffffff] uid[0x63] disabled)
Aug  6 12:24:14 es1 kernel: ACPI: X2APIC (apic_id[0xffffffff] uid[0x64] disabled)
Aug  6 12:24:14 es1 kernel: ACPI: X2APIC (apic_id[0xffffffff] uid[0x65] disabled)
Aug  6 12:24:14 es1 kernel: ACPI: X2APIC (apic_id[0xffffffff] uid[0x66] disabled)
Aug  6 12:24:14 es1 kernel: ACPI: X2APIC (apic_id[0xffffffff] uid[0x67] disabled)
Aug  6 12:24:14 es1 kernel: ACPI: X2APIC (apic_id[0xffffffff] uid[0x68] disabled)
Aug  6 12:24:14 es1 kernel: ACPI: X2APIC (apic_id[0xffffffff] uid[0x69] disabled)
Aug  6 12:24:14 es1 kernel: ACPI: X2APIC (apic_id[0xffffffff] uid[0x6a] disabled)
Aug  6 12:24:14 es1 kernel: ACPI: X2APIC (apic_id[0xffffffff] uid[0x6b] disabled)
Aug  6 12:24:14 es1 kernel: ACPI: X2APIC (apic_id[0xffffffff] uid[0x6c] disabled)
Aug  6 12:24:14 es1 kernel: ACPI: X2APIC (apic_id[0xffffffff] uid[0x6d] disabled)
Aug  6 12:24:14 es1 kernel: ACPI: X2APIC (apic_id[0xffffffff] uid[0x6e] disabled)
Aug  6 12:24:14 es1 kernel: ACPI: X2APIC (apic_id[0xffffffff] uid[0x6f] disabled)
Aug  6 12:24:14 es1 kernel: ACPI: X2APIC (apic_id[0xffffffff] uid[0x70] disabled)
Aug  6 12:24:14 es1 kernel: ACPI: X2APIC (apic_id[0xffffffff] uid[0x71] disabled)
Aug  6 12:24:14 es1 kernel: ACPI: X2APIC (apic_id[0xffffffff] uid[0x72] disabled)
Aug  6 12:24:14 es1 kernel: ACPI: X2APIC (apic_id[0xffffffff] uid[0x73] disabled)
Aug  6 12:24:14 es1 kernel: ACPI: X2APIC (apic_id[0xffffffff] uid[0x74] disabled)
Aug  6 12:24:14 es1 kernel: ACPI: X2APIC (apic_id[0xffffffff] uid[0x75] disabled)
Aug  6 12:24:14 es1 kernel: ACPI: X2APIC (apic_id[0xffffffff] uid[0x76] disabled)
Aug  6 12:24:14 es1 kernel: ACPI: X2APIC (apic_id[0xffffffff] uid[0x77] disabled)
Aug  6 12:24:14 es1 kernel: ACPI: X2APIC (apic_id[0xffffffff] uid[0x78] disabled)
Aug  6 12:24:14 es1 kernel: ACPI: X2APIC (apic_id[0xffffffff] uid[0x79] disabled)
Aug  6 12:24:14 es1 kernel: ACPI: X2APIC (apic_id[0xffffffff] uid[0x7a] disabled)
Aug  6 12:24:14 es1 kernel: ACPI: X2APIC (apic_id[0xffffffff] uid[0x7b] disabled)
Aug  6 12:24:14 es1 kernel: ACPI: X2APIC (apic_id[0xffffffff] uid[0x7c] disabled)
Aug  6 12:24:14 es1 kernel: ACPI: X2APIC (apic_id[0xffffffff] uid[0x7d] disabled)
Aug  6 12:24:14 es1 kernel: ACPI: X2APIC (apic_id[0xffffffff] uid[0x7e] disabled)
Aug  6 12:24:14 es1 kernel: ACPI: X2APIC (apic_id[0xffffffff] uid[0x7f] disabled)
Aug  6 12:24:14 es1 kernel: ACPI: X2APIC (apic_id[0xffffffff] uid[0x80] disabled)
Aug  6 12:24:14 es1 kernel: ACPI: X2APIC (apic_id[0xffffffff] uid[0x81] disabled)
Aug  6 12:24:14 es1 kernel: ACPI: X2APIC (apic_id[0xffffffff] uid[0x82] disabled)
Aug  6 12:24:14 es1 kernel: ACPI: X2APIC (apic_id[0xffffffff] uid[0x83] disabled)
Aug  6 12:24:14 es1 kernel: ACPI: X2APIC (apic_id[0xffffffff] uid[0x84] disabled)
Aug  6 12:24:14 es1 kernel: ACPI: X2APIC (apic_id[0xffffffff] uid[0x85] disabled)
Aug  6 12:24:14 es1 kernel: ACPI: X2APIC (apic_id[0xffffffff] uid[0x86] disabled)
Aug  6 12:24:14 es1 kernel: ACPI: X2APIC (apic_id[0xffffffff] uid[0x87] disabled)
Aug  6 12:24:14 es1 kernel: ACPI: X2APIC (apic_id[0xffffffff] uid[0x88] disabled)
Aug  6 12:24:14 es1 kernel: ACPI: X2APIC (apic_id[0xffffffff] uid[0x89] disabled)
Aug  6 12:24:14 es1 kernel: ACPI: X2APIC (apic_id[0xffffffff] uid[0x8a] disabled)
Aug  6 12:24:14 es1 kernel: ACPI: X2APIC (apic_id[0xffffffff] uid[0x8b] disabled)
Aug  6 12:24:14 es1 kernel: ACPI: X2APIC (apic_id[0xffffffff] uid[0x8c] disabled)
Aug  6 12:24:14 es1 kernel: ACPI: X2APIC (apic_id[0xffffffff] uid[0x8d] disabled)
Aug  6 12:24:14 es1 kernel: ACPI: X2APIC (apic_id[0xffffffff] uid[0x8e] disabled)
Aug  6 12:24:14 es1 kernel: ACPI: X2APIC (apic_id[0xffffffff] uid[0x8f] disabled)
Aug  6 12:24:14 es1 kernel: ACPI: X2APIC (apic_id[0xffffffff] uid[0x90] disabled)
Aug  6 12:24:14 es1 kernel: ACPI: X2APIC (apic_id[0xffffffff] uid[0x91] disabled)
Aug  6 12:24:14 es1 kernel: ACPI: X2APIC (apic_id[0xffffffff] uid[0x92] disabled)
Aug  6 12:24:14 es1 kernel: ACPI: X2APIC (apic_id[0xffffffff] uid[0x93] disabled)
Aug  6 12:24:14 es1 kernel: ACPI: X2APIC (apic_id[0xffffffff] uid[0x94] disabled)
Aug  6 12:24:14 es1 kernel: ACPI: X2APIC (apic_id[0xffffffff] uid[0x95] disabled)
Aug  6 12:24:14 es1 kernel: ACPI: X2APIC (apic_id[0xffffffff] uid[0x96] disabled)
Aug  6 12:24:14 es1 kernel: ACPI: X2APIC (apic_id[0xffffffff] uid[0x97] disabled)
Aug  6 12:24:14 es1 kernel: ACPI: X2APIC (apic_id[0xffffffff] uid[0x98] disabled)
Aug  6 12:24:14 es1 kernel: ACPI: X2APIC (apic_id[0xffffffff] uid[0x99] disabled)
Aug  6 12:24:14 es1 kernel: ACPI: X2APIC (apic_id[0xffffffff] uid[0x9a] disabled)
Aug  6 12:24:14 es1 kernel: ACPI: X2APIC (apic_id[0xffffffff] uid[0x9b] disabled)
Aug  6 12:24:14 es1 kernel: ACPI: X2APIC (apic_id[0xffffffff] uid[0x9c] disabled)
Aug  6 12:24:14 es1 kernel: ACPI: X2APIC (apic_id[0xffffffff] uid[0x9d] disabled)
Aug  6 12:24:14 es1 kernel: ACPI: X2APIC (apic_id[0xffffffff] uid[0x9e] disabled)
Aug  6 12:24:14 es1 kernel: ACPI: X2APIC (apic_id[0xffffffff] uid[0x9f] disabled)
Aug  6 12:24:14 es1 kernel: ACPI: X2APIC (apic_id[0xffffffff] uid[0xa0] disabled)
Aug  6 12:24:14 es1 kernel: ACPI: X2APIC (apic_id[0xffffffff] uid[0xa1] disabled)
Aug  6 12:24:14 es1 kernel: ACPI: X2APIC (apic_id[0xffffffff] uid[0xa2] disabled)
Aug  6 12:24:14 es1 kernel: ACPI: X2APIC (apic_id[0xffffffff] uid[0xa3] disabled)
Aug  6 12:24:14 es1 kernel: ACPI: X2APIC (apic_id[0xffffffff] uid[0xa4] disabled)
Aug  6 12:24:14 es1 kernel: ACPI: X2APIC (apic_id[0xffffffff] uid[0xa5] disabled)
Aug  6 12:24:14 es1 kernel: ACPI: X2APIC (apic_id[0xffffffff] uid[0xa6] disabled)
Aug  6 12:24:14 es1 kernel: ACPI: X2APIC (apic_id[0xffffffff] uid[0xa7] disabled)
Aug  6 12:24:14 es1 kernel: ACPI: X2APIC (apic_id[0xffffffff] uid[0xa8] disabled)
Aug  6 12:24:14 es1 kernel: ACPI: X2APIC (apic_id[0xffffffff] uid[0xa9] disabled)
Aug  6 12:24:14 es1 kernel: ACPI: X2APIC (apic_id[0xffffffff] uid[0xaa] disabled)
Aug  6 12:24:14 es1 kernel: ACPI: X2APIC (apic_id[0xffffffff] uid[0xab] disabled)
Aug  6 12:24:14 es1 kernel: ACPI: X2APIC (apic_id[0xffffffff] uid[0xac] disabled)
Aug  6 12:24:14 es1 kernel: ACPI: X2APIC (apic_id[0xffffffff] uid[0xad] disabled)
Aug  6 12:24:14 es1 kernel: ACPI: X2APIC (apic_id[0xffffffff] uid[0xae] disabled)
Aug  6 12:24:14 es1 kernel: ACPI: X2APIC (apic_id[0xffffffff] uid[0xaf] disabled)
Aug  6 12:24:14 es1 kernel: ACPI: X2APIC (apic_id[0xffffffff] uid[0xb0] disabled)
Aug  6 12:24:14 es1 kernel: ACPI: X2APIC (apic_id[0xffffffff] uid[0xb1] disabled)
Aug  6 12:24:14 es1 kernel: ACPI: X2APIC (apic_id[0xffffffff] uid[0xb2] disabled)
Aug  6 12:24:14 es1 kernel: ACPI: X2APIC (apic_id[0xffffffff] uid[0xb3] disabled)
Aug  6 12:24:14 es1 kernel: ACPI: X2APIC (apic_id[0xffffffff] uid[0xb4] disabled)
Aug  6 12:24:14 es1 kernel: ACPI: X2APIC (apic_id[0xffffffff] uid[0xb5] disabled)
Aug  6 12:24:14 es1 kernel: ACPI: X2APIC (apic_id[0xffffffff] uid[0xb6] disabled)
Aug  6 12:24:14 es1 kernel: ACPI: X2APIC (apic_id[0xffffffff] uid[0xb7] disabled)
Aug  6 12:24:14 es1 kernel: ACPI: X2APIC (apic_id[0xffffffff] uid[0xb8] disabled)
Aug  6 12:24:14 es1 kernel: ACPI: X2APIC (apic_id[0xffffffff] uid[0xb9] disabled)
Aug  6 12:24:14 es1 kernel: ACPI: X2APIC (apic_id[0xffffffff] uid[0xba] disabled)
Aug  6 12:24:14 es1 kernel: ACPI: X2APIC (apic_id[0xffffffff] uid[0xbb] disabled)
Aug  6 12:24:14 es1 kernel: ACPI: X2APIC (apic_id[0xffffffff] uid[0xbc] disabled)
Aug  6 12:24:14 es1 kernel: ACPI: X2APIC (apic_id[0xffffffff] uid[0xbd] disabled)
Aug  6 12:24:14 es1 kernel: ACPI: X2APIC (apic_id[0xffffffff] uid[0xbe] disabled)
Aug  6 12:24:14 es1 kernel: ACPI: X2APIC (apic_id[0xffffffff] uid[0xbf] disabled)
Aug  6 12:24:14 es1 kernel: ACPI: X2APIC (apic_id[0xffffffff] uid[0xc0] disabled)
Aug  6 12:24:14 es1 kernel: ACPI: X2APIC (apic_id[0xffffffff] uid[0xc1] disabled)
Aug  6 12:24:14 es1 kernel: ACPI: X2APIC (apic_id[0xffffffff] uid[0xc2] disabled)
Aug  6 12:24:14 es1 kernel: ACPI: X2APIC (apic_id[0xffffffff] uid[0xc3] disabled)
Aug  6 12:24:14 es1 kernel: ACPI: X2APIC (apic_id[0xffffffff] uid[0xc4] disabled)
Aug  6 12:24:14 es1 kernel: ACPI: X2APIC (apic_id[0xffffffff] uid[0xc5] disabled)
Aug  6 12:24:14 es1 kernel: ACPI: X2APIC (apic_id[0xffffffff] uid[0xc6] disabled)
Aug  6 12:24:14 es1 kernel: ACPI: X2APIC (apic_id[0xffffffff] uid[0xc7] disabled)
Aug  6 12:24:14 es1 kernel: ACPI: X2APIC (apic_id[0xffffffff] uid[0xc8] disabled)
Aug  6 12:24:14 es1 kernel: ACPI: X2APIC (apic_id[0xffffffff] uid[0xc9] disabled)
Aug  6 12:24:14 es1 kernel: ACPI: X2APIC (apic_id[0xffffffff] uid[0xca] disabled)
Aug  6 12:24:14 es1 kernel: ACPI: X2APIC (apic_id[0xffffffff] uid[0xcb] disabled)
Aug  6 12:24:14 es1 kernel: ACPI: X2APIC (apic_id[0xffffffff] uid[0xcc] disabled)
Aug  6 12:24:14 es1 kernel: ACPI: X2APIC (apic_id[0xffffffff] uid[0xcd] disabled)
Aug  6 12:24:14 es1 kernel: ACPI: X2APIC (apic_id[0xffffffff] uid[0xce] disabled)
Aug  6 12:24:14 es1 kernel: ACPI: X2APIC (apic_id[0xffffffff] uid[0xcf] disabled)
Aug  6 12:24:14 es1 kernel: ACPI: X2APIC (apic_id[0xffffffff] uid[0xd0] disabled)
Aug  6 12:24:14 es1 kernel: ACPI: X2APIC (apic_id[0xffffffff] uid[0xd1] disabled)
Aug  6 12:24:14 es1 kernel: ACPI: X2APIC (apic_id[0xffffffff] uid[0xd2] disabled)
Aug  6 12:24:14 es1 kernel: ACPI: X2APIC (apic_id[0xffffffff] uid[0xd3] disabled)
Aug  6 12:24:14 es1 kernel: ACPI: X2APIC (apic_id[0xffffffff] uid[0xd4] disabled)
Aug  6 12:24:14 es1 kernel: ACPI: X2APIC (apic_id[0xffffffff] uid[0xd5] disabled)
Aug  6 12:24:14 es1 kernel: ACPI: X2APIC (apic_id[0xffffffff] uid[0xd6] disabled)
Aug  6 12:24:14 es1 kernel: ACPI: X2APIC (apic_id[0xffffffff] uid[0xd7] disabled)
Aug  6 12:24:14 es1 kernel: ACPI: X2APIC (apic_id[0xffffffff] uid[0xd8] disabled)
Aug  6 12:24:14 es1 kernel: ACPI: X2APIC (apic_id[0xffffffff] uid[0xd9] disabled)
Aug  6 12:24:14 es1 kernel: ACPI: X2APIC (apic_id[0xffffffff] uid[0xda] disabled)
Aug  6 12:24:14 es1 kernel: ACPI: X2APIC (apic_id[0xffffffff] uid[0xdb] disabled)
Aug  6 12:24:14 es1 kernel: ACPI: X2APIC (apic_id[0xffffffff] uid[0xdc] disabled)
Aug  6 12:24:14 es1 kernel: ACPI: X2APIC (apic_id[0xffffffff] uid[0xdd] disabled)
Aug  6 12:24:14 es1 kernel: ACPI: X2APIC (apic_id[0xffffffff] uid[0xde] disabled)
Aug  6 12:24:14 es1 kernel: ACPI: X2APIC (apic_id[0xffffffff] uid[0xdf] disabled)
Aug  6 12:24:14 es1 kernel: ACPI: X2APIC_NMI (uid[0xffffffff] high level lint[0x1])
Aug  6 12:24:14 es1 kernel: ACPI: LAPIC_NMI (acpi_id[0xff] dfl edge lint[0x1])
Aug  6 12:24:14 es1 kernel: ACPI: IOAPIC (id[0x08] address[0xfec00000] gsi_base[0])
Aug  6 12:24:14 es1 kernel: IOAPIC[0]: apic_id 8, version 32, address 0xfec00000, GSI 0-23
Aug  6 12:24:14 es1 kernel: ACPI: IOAPIC (id[0x09] address[0xfec01000] gsi_base[24])
Aug  6 12:24:14 es1 kernel: IOAPIC[1]: apic_id 9, version 32, address 0xfec01000, GSI 24-31
Aug  6 12:24:14 es1 kernel: ACPI: IOAPIC (id[0x0a] address[0xfec08000] gsi_base[32])
Aug  6 12:24:14 es1 kernel: IOAPIC[2]: apic_id 10, version 32, address 0xfec08000, GSI 32-39
Aug  6 12:24:14 es1 kernel: ACPI: IOAPIC (id[0x0b] address[0xfec10000] gsi_base[40])
Aug  6 12:24:14 es1 kernel: IOAPIC[3]: apic_id 11, version 32, address 0xfec10000, GSI 40-47
Aug  6 12:24:14 es1 kernel: ACPI: IOAPIC (id[0x0c] address[0xfec18000] gsi_base[48])
Aug  6 12:24:14 es1 kernel: IOAPIC[4]: apic_id 12, version 32, address 0xfec18000, GSI 48-55
Aug  6 12:24:14 es1 kernel: ACPI: IOAPIC (id[0x0f] address[0xfec20000] gsi_base[72])
Aug  6 12:24:14 es1 kernel: IOAPIC[5]: apic_id 15, version 32, address 0xfec20000, GSI 72-79
Aug  6 12:24:14 es1 kernel: ACPI: IOAPIC (id[0x10] address[0xfec28000] gsi_base[80])
Aug  6 12:24:14 es1 kernel: IOAPIC[6]: apic_id 16, version 32, address 0xfec28000, GSI 80-87
Aug  6 12:24:14 es1 kernel: ACPI: IOAPIC (id[0x11] address[0xfec30000] gsi_base[88])
Aug  6 12:24:14 es1 kernel: IOAPIC[7]: apic_id 17, version 32, address 0xfec30000, GSI 88-95
Aug  6 12:24:14 es1 kernel: ACPI: IOAPIC (id[0x12] address[0xfec38000] gsi_base[96])
Aug  6 12:24:14 es1 kernel: IOAPIC[8]: apic_id 18, version 32, address 0xfec38000, GSI 96-103
Aug  6 12:24:14 es1 kernel: ACPI: INT_SRC_OVR (bus 0 bus_irq 0 global_irq 2 dfl dfl)
Aug  6 12:24:14 es1 kernel: ACPI: INT_SRC_OVR (bus 0 bus_irq 9 global_irq 9 high level)
Aug  6 12:24:14 es1 kernel: Using ACPI (MADT) for SMP configuration information
Aug  6 12:24:14 es1 kernel: ACPI: HPET id: 0x8086a701 base: 0xfed00000
Aug  6 12:24:14 es1 kernel: smpboot: Allowing 448 CPUs, 408 hotplug CPUs
Aug  6 12:24:14 es1 kernel: PM: Registered nosave memory: [mem 0x0009a000-0x0009ffff]
Aug  6 12:24:14 es1 kernel: PM: Registered nosave memory: [mem 0x000a0000-0x000dffff]
Aug  6 12:24:14 es1 kernel: PM: Registered nosave memory: [mem 0x000e0000-0x000fffff]
Aug  6 12:24:14 es1 kernel: PM: Registered nosave memory: [mem 0x6a415000-0x6c514fff]
Aug  6 12:24:14 es1 kernel: PM: Registered nosave memory: [mem 0x6c656000-0x6d192fff]
Aug  6 12:24:14 es1 kernel: PM: Registered nosave memory: [mem 0x6d193000-0x6f2e7fff]
Aug  6 12:24:14 es1 kernel: PM: Registered nosave memory: [mem 0x6f800000-0x8fffffff]
Aug  6 12:24:14 es1 kernel: PM: Registered nosave memory: [mem 0x90000000-0xfcffffff]
Aug  6 12:24:14 es1 kernel: PM: Registered nosave memory: [mem 0xfd000000-0xfe7fffff]
Aug  6 12:24:14 es1 kernel: PM: Registered nosave memory: [mem 0xfe800000-0xfed1ffff]
Aug  6 12:24:14 es1 kernel: PM: Registered nosave memory: [mem 0xfed20000-0xfed44fff]
Aug  6 12:24:14 es1 kernel: PM: Registered nosave memory: [mem 0xfed45000-0xfeffffff]
Aug  6 12:24:14 es1 kernel: PM: Registered nosave memory: [mem 0xff000000-0xffffffff]
Aug  6 12:24:14 es1 kernel: e820: [mem 0x90000000-0xfcffffff] available for PCI devices
Aug  6 12:24:14 es1 kernel: Booting paravirtualized kernel on bare hardware
Aug  6 12:24:14 es1 kernel: setup_percpu: NR_CPUS:5120 nr_cpumask_bits:448 nr_cpu_ids:448 nr_node_ids:2
Aug  6 12:24:14 es1 kernel: PERCPU: Embedded 35 pages/cpu @ffff88103ca00000 s104600 r8192 d30568 u262144
Aug  6 12:24:14 es1 kernel: Built 2 zonelists in Zone order, mobility grouping on.  Total pages: 32943944
Aug  6 12:24:14 es1 kernel: Policy zone: Normal
Aug  6 12:24:14 es1 kernel: Kernel command line: BOOT_IMAGE=/vmlinuz-3.10.0-693.21.1.el7.x86_64 root=/dev/mapper/VolGroup00-LogVol03 ro crashkernel=128M rd.lvm.lv=VolGroup00/LogVol03 rd.lvm.lv=VolGroup00/LogVol00 biosdevname=0 ipv6.disable=1 net.ifnames=0 rdloaddriver=igb
Aug  6 12:24:14 es1 kernel: PID hash table entries: 4096 (order: 3, 32768 bytes)
Aug  6 12:24:14 es1 kernel: x86/fpu: xstate_offset[2]: 0240, xstate_sizes[2]: 0100
Aug  6 12:24:14 es1 kernel: x86/fpu: xstate_offset[3]: 03c0, xstate_sizes[3]: 0040
Aug  6 12:24:14 es1 kernel: x86/fpu: xstate_offset[4]: 0400, xstate_sizes[4]: 0040
Aug  6 12:24:14 es1 kernel: x86/fpu: xstate_offset[5]: 0440, xstate_sizes[5]: 0040
Aug  6 12:24:14 es1 kernel: x86/fpu: xstate_offset[6]: 0480, xstate_sizes[6]: 0200
Aug  6 12:24:14 es1 kernel: x86/fpu: xstate_offset[7]: 0680, xstate_sizes[7]: 0400
Aug  6 12:24:14 es1 kernel: xsave: enabled xstate_bv 0xff, cntxt size 0xa80 using standard form
Aug  6 12:24:14 es1 kernel: Memory: 5707388k/136314880k available (6940k kernel code, 2447332k absent, 2390900k reserved, 4560k data, 1792k init)
Aug  6 12:24:14 es1 kernel: SLUB: HWalign=64, Order=0-3, MinObjects=0, CPUs=448, Nodes=2
Aug  6 12:24:14 es1 kernel: x86/pti: Unmapping kernel while in userspace
Aug  6 12:24:14 es1 kernel: Hierarchical RCU implementation.
Aug  6 12:24:14 es1 kernel: #011RCU restricting CPUs from NR_CPUS=5120 to nr_cpu_ids=448.
Aug  6 12:24:14 es1 kernel: NR_IRQS:327936 nr_irqs:5368 0
Aug  6 12:24:14 es1 kernel: Console: colour VGA+ 80x25
Aug  6 12:24:14 es1 kernel: console [tty0] enabled
Aug  6 12:24:14 es1 kernel: allocated 535822336 bytes of page_cgroup
Aug  6 12:24:14 es1 kernel: please try 'cgroup_disable=memory' option if you don't want memory cgroups
Aug  6 12:24:14 es1 kernel: Enabling automatic NUMA balancing. Configure with numa_balancing= or the kernel.numa_balancing sysctl
Aug  6 12:24:14 es1 kernel: tsc: Detected 2200.000 MHz processor
Aug  6 12:24:14 es1 kernel: Calibrating delay loop (skipped), value calculated using timer frequency.. 4400.00 BogoMIPS (lpj=2200000)
Aug  6 12:24:14 es1 kernel: pid_max: default: 458752 minimum: 3584
Aug  6 12:24:14 es1 kernel: Security Framework initialized
Aug  6 12:24:14 es1 kernel: SELinux:  Initializing.
Aug  6 12:24:14 es1 kernel: Yama: becoming mindful.
Aug  6 12:24:14 es1 kernel: Dentry cache hash table entries: 16777216 (order: 15, 134217728 bytes)
Aug  6 12:24:14 es1 kernel: Inode-cache hash table entries: 8388608 (order: 14, 67108864 bytes)
Aug  6 12:24:14 es1 kernel: Mount-cache hash table entries: 262144 (order: 9, 2097152 bytes)
Aug  6 12:24:14 es1 kernel: Mountpoint-cache hash table entries: 262144 (order: 9, 2097152 bytes)
Aug  6 12:24:14 es1 kernel: Initializing cgroup subsys memory
Aug  6 12:24:14 es1 kernel: Initializing cgroup subsys devices
Aug  6 12:24:14 es1 kernel: Initializing cgroup subsys freezer
Aug  6 12:24:14 es1 kernel: Initializing cgroup subsys net_cls
Aug  6 12:24:14 es1 kernel: Initializing cgroup subsys blkio
Aug  6 12:24:14 es1 kernel: Initializing cgroup subsys perf_event
Aug  6 12:24:14 es1 kernel: Initializing cgroup subsys hugetlb
Aug  6 12:24:14 es1 kernel: Initializing cgroup subsys pids
Aug  6 12:24:14 es1 kernel: Initializing cgroup subsys net_prio
Aug  6 12:24:14 es1 kernel: CPU: Physical Processor ID: 0
Aug  6 12:24:14 es1 kernel: CPU: Processor Core ID: 0
Aug  6 12:24:14 es1 kernel: mce: CPU supports 20 MCE banks
Aug  6 12:24:14 es1 kernel: CPU0: Thermal monitoring enabled (TM1)
Aug  6 12:24:14 es1 kernel: Last level iTLB entries: 4KB 0, 2MB 0, 4MB 0
Aug  6 12:24:14 es1 kernel: Last level dTLB entries: 4KB 64, 2MB 0, 4MB 0
Aug  6 12:24:14 es1 kernel: tlb_flushall_shift: 6
Aug  6 12:24:14 es1 kernel: FEATURE SPEC_CTRL Present
Aug  6 12:24:14 es1 kernel: FEATURE IBPB_SUPPORT Present
Aug  6 12:24:14 es1 kernel: Spectre V2 : Mitigation: IBRS (kernel)
Aug  6 12:24:14 es1 kernel: Freeing SMP alternatives: 24k freed
Aug  6 12:24:14 es1 kernel: ACPI: Core revision 20130517
Aug  6 12:24:14 es1 kernel: ACPI: All ACPI Tables successfully acquired
Aug  6 12:24:14 es1 kernel: ftrace: allocating 26646 entries in 105 pages
Aug  6 12:24:14 es1 kernel: DMAR: Host address width 46
Aug  6 12:24:14 es1 kernel: DMAR: DRHD base: 0x000000d37fc000 flags: 0x0
Aug  6 12:24:14 es1 kernel: DMAR: dmar0: reg_base_addr d37fc000 ver 1:0 cap 8d2078c106f0466 ecap f020df
Aug  6 12:24:14 es1 kernel: DMAR: DRHD base: 0x000000e0ffc000 flags: 0x0
Aug  6 12:24:14 es1 kernel: DMAR: dmar1: reg_base_addr e0ffc000 ver 1:0 cap 8d2078c106f0466 ecap f020df
Aug  6 12:24:14 es1 kernel: DMAR: DRHD base: 0x000000ee7fc000 flags: 0x0
Aug  6 12:24:14 es1 kernel: DMAR: dmar2: reg_base_addr ee7fc000 ver 1:0 cap 8d2078c106f0466 ecap f020df
Aug  6 12:24:14 es1 kernel: DMAR: DRHD base: 0x000000fbffc000 flags: 0x0
Aug  6 12:24:14 es1 kernel: DMAR: dmar3: reg_base_addr fbffc000 ver 1:0 cap 8d2078c106f0466 ecap f020df
Aug  6 12:24:14 es1 kernel: DMAR: DRHD base: 0x000000aaffc000 flags: 0x0
Aug  6 12:24:14 es1 kernel: DMAR: dmar4: reg_base_addr aaffc000 ver 1:0 cap 8d2078c106f0466 ecap f020df
Aug  6 12:24:14 es1 kernel: DMAR: DRHD base: 0x000000b87fc000 flags: 0x0
Aug  6 12:24:14 es1 kernel: DMAR: dmar5: reg_base_addr b87fc000 ver 1:0 cap 8d2078c106f0466 ecap f020df
Aug  6 12:24:14 es1 kernel: DMAR: DRHD base: 0x000000c5ffc000 flags: 0x0
Aug  6 12:24:14 es1 kernel: DMAR: dmar6: reg_base_addr c5ffc000 ver 1:0 cap 8d2078c106f0466 ecap f020df
Aug  6 12:24:14 es1 kernel: DMAR: DRHD base: 0x0000009d7fc000 flags: 0x1
Aug  6 12:24:14 es1 kernel: DMAR: dmar7: reg_base_addr 9d7fc000 ver 1:0 cap 8d2078c106f0466 ecap f020df
Aug  6 12:24:14 es1 kernel: DMAR: RMRR base: 0x0000006f02c000 end: 0x0000006f03cfff
Aug  6 12:24:14 es1 kernel: DMAR: ATSR flags: 0x0
Aug  6 12:24:14 es1 kernel: DMAR: RHSA base: 0x0000009d7fc000 proximity domain: 0x0
Aug  6 12:24:14 es1 kernel: DMAR: RHSA base: 0x000000aaffc000 proximity domain: 0x0
Aug  6 12:24:14 es1 kernel: DMAR: RHSA base: 0x000000b87fc000 proximity domain: 0x0
Aug  6 12:24:14 es1 kernel: DMAR: RHSA base: 0x000000c5ffc000 proximity domain: 0x0
Aug  6 12:24:14 es1 kernel: DMAR: RHSA base: 0x000000d37fc000 proximity domain: 0x1
Aug  6 12:24:14 es1 kernel: DMAR: RHSA base: 0x000000e0ffc000 proximity domain: 0x1
Aug  6 12:24:14 es1 kernel: DMAR: RHSA base: 0x000000ee7fc000 proximity domain: 0x1
Aug  6 12:24:14 es1 kernel: DMAR: RHSA base: 0x000000fbffc000 proximity domain: 0x1
Aug  6 12:24:14 es1 kernel: DMAR-IR: IOAPIC id 12 under DRHD base  0xc5ffc000 IOMMU 6
Aug  6 12:24:14 es1 kernel: DMAR-IR: IOAPIC id 11 under DRHD base  0xb87fc000 IOMMU 5
Aug  6 12:24:14 es1 kernel: DMAR-IR: IOAPIC id 10 under DRHD base  0xaaffc000 IOMMU 4
Aug  6 12:24:14 es1 kernel: DMAR-IR: IOAPIC id 18 under DRHD base  0xfbffc000 IOMMU 3
Aug  6 12:24:14 es1 kernel: DMAR-IR: IOAPIC id 17 under DRHD base  0xee7fc000 IOMMU 2
Aug  6 12:24:14 es1 kernel: DMAR-IR: IOAPIC id 16 under DRHD base  0xe0ffc000 IOMMU 1
Aug  6 12:24:14 es1 kernel: DMAR-IR: IOAPIC id 15 under DRHD base  0xd37fc000 IOMMU 0
Aug  6 12:24:14 es1 kernel: DMAR-IR: IOAPIC id 8 under DRHD base  0x9d7fc000 IOMMU 7
Aug  6 12:24:14 es1 kernel: DMAR-IR: IOAPIC id 9 under DRHD base  0x9d7fc000 IOMMU 7
Aug  6 12:24:14 es1 kernel: DMAR-IR: HPET id 0 under DRHD base 0x9d7fc000
Aug  6 12:24:14 es1 kernel: DMAR-IR: x2apic is disabled because BIOS sets x2apic opt out bit.
Aug  6 12:24:14 es1 kernel: DMAR-IR: Use 'intremap=no_x2apic_optout' to override the BIOS setting.
Aug  6 12:24:14 es1 kernel: DMAR-IR: Enabled IRQ remapping in xapic mode
Aug  6 12:24:14 es1 kernel: IRQ remapping doesn't support X2APIC mode, disable x2apic.
Aug  6 12:24:14 es1 kernel: Switched APIC routing to physical flat.
Aug  6 12:24:14 es1 kernel: ..TIMER: vector=0x30 apic1=0 pin1=2 apic2=-1 pin2=-1
Aug  6 12:24:14 es1 kernel: smpboot: CPU0: Intel(R) Xeon(R) Silver 4114 CPU @ 2.20GHz (fam: 06, model: 55, stepping: 04)
Aug  6 12:24:14 es1 kernel: Performance Events: PEBS fmt3+, 32-deep LBR, Skylake events, full-width counters, Intel PMU driver.
Aug  6 12:24:14 es1 kernel: ... version:                4
Aug  6 12:24:14 es1 kernel: ... bit width:              48
Aug  6 12:24:14 es1 kernel: ... generic registers:      4
Aug  6 12:24:14 es1 kernel: ... value mask:             0000ffffffffffff
Aug  6 12:24:14 es1 kernel: ... max period:             00007fffffffffff
Aug  6 12:24:14 es1 kernel: ... fixed-purpose events:   3
Aug  6 12:24:14 es1 kernel: ... event mask:             000000070000000f
Aug  6 12:24:14 es1 kernel: NMI watchdog: enabled on all CPUs, permanently consumes one hw-PMU counter.
Aug  6 12:24:14 es1 kernel: smpboot: Booting Node   0, Processors  #1 #2 #3 #4 #5 #6 #7 #8 #9 OK
Aug  6 12:24:14 es1 kernel: smpboot: Booting Node   1, Processors  #10 #11 #12 #13 #14 #15 #16 #17 #18 #19 OK
Aug  6 12:24:14 es1 kernel: smpboot: Booting Node   0, Processors  #20 #21 #22 #23 #24 #25 #26 #27 #28 #29 OK
Aug  6 12:24:14 es1 kernel: smpboot: Booting Node   1, Processors  #30 #31 #32 #33 #34 #35 #36 #37 #38 #39
Aug  6 12:24:14 es1 kernel: Brought up 40 CPUs
Aug  6 12:24:14 es1 kernel: smpboot: Max logical packages: 23
Aug  6 12:24:14 es1 kernel: smpboot: Total of 40 processors activated (176102.04 BogoMIPS)
Aug  6 12:24:14 es1 kernel: node 0 initialised, 15459556 pages in 275ms
Aug  6 12:24:14 es1 kernel: node 1 initialised, 15982755 pages in 287ms
Aug  6 12:24:14 es1 kernel: devtmpfs: initialized
Aug  6 12:24:14 es1 kernel: EVM: security.selinux
Aug  6 12:24:14 es1 kernel: EVM: security.ima
Aug  6 12:24:14 es1 kernel: EVM: security.capability
Aug  6 12:24:14 es1 kernel: PM: Registering ACPI NVS region [mem 0x6c656000-0x6d192fff] (11784192 bytes)
Aug  6 12:24:14 es1 kernel: atomic64 test passed for x86-64 platform with CX8 and with SSE
Aug  6 12:24:14 es1 kernel: pinctrl core: initialized pinctrl subsystem
Aug  6 12:24:14 es1 kernel: RTC time:  4:24:12, date: 08/06/20
Aug  6 12:24:14 es1 kernel: NET: Registered protocol family 16
Aug  6 12:24:14 es1 kernel: ACPI FADT declares the system doesn't support PCIe ASPM, so disable it
Aug  6 12:24:14 es1 kernel: ACPI: bus type PCI registered
Aug  6 12:24:14 es1 kernel: acpiphp: ACPI Hot Plug PCI Controller Driver version: 0.5
Aug  6 12:24:14 es1 kernel: PCI: MMCONFIG for domain 0000 [bus 00-ff] at [mem 0x80000000-0x8fffffff] (base 0x80000000)
Aug  6 12:24:14 es1 kernel: PCI: MMCONFIG at [mem 0x80000000-0x8fffffff] reserved in E820
Aug  6 12:24:14 es1 kernel: pmd_set_huge: Cannot satisfy [mem 0x80000000-0x80200000] with a huge-page mapping due to MTRR override.
Aug  6 12:24:14 es1 kernel: PCI: Using configuration type 1 for base access
Aug  6 12:24:14 es1 kernel: ACPI: Added _OSI(Module Device)
Aug  6 12:24:14 es1 kernel: ACPI: Added _OSI(Processor Device)
Aug  6 12:24:14 es1 kernel: ACPI: Added _OSI(3.0 _SCP Extensions)
Aug  6 12:24:14 es1 kernel: ACPI: Added _OSI(Processor Aggregator Device)
Aug  6 12:24:14 es1 kernel: [Firmware Bug]: ACPI: BIOS _OSI(Linux) query ignored
Aug  6 12:24:14 es1 kernel: ACPI: Dynamic OEM Table Load:
Aug  6 12:24:14 es1 kernel: ACPI: OEM4           (null) A27C4 (v02  INTEL CPU  CST 00003000 INTL 20140828)
Aug  6 12:24:14 es1 kernel: ACPI: Interpreter enabled
Aug  6 12:24:14 es1 kernel: ACPI: (supports S0 S4 S5)
Aug  6 12:24:14 es1 kernel: ACPI: Using IOAPIC for interrupt routing
Aug  6 12:24:14 es1 kernel: HEST: Table parsing has been initialized.
Aug  6 12:24:14 es1 kernel: PCI: Using host bridge windows from ACPI; if necessary, use "pci=nocrs" and report a bug
Aug  6 12:24:14 es1 kernel: ACPI: PCI Root Bridge [PC00] (domain 0000 [bus 00-16])
Aug  6 12:24:14 es1 kernel: acpi PNP0A08:00: _OSC: OS supports [ExtendedConfig ASPM ClockPM Segments MSI]
Aug  6 12:24:14 es1 kernel: acpi PNP0A08:00: _OSC: platform does not support [AER]
Aug  6 12:24:14 es1 kernel: acpi PNP0A08:00: _OSC: OS now controls [PCIeHotplug PME PCIeCapability]
Aug  6 12:24:14 es1 kernel: acpi PNP0A08:00: FADT indicates ASPM is unsupported, using BIOS configuration
Aug  6 12:24:14 es1 kernel: PCI host bridge to bus 0000:00
Aug  6 12:24:14 es1 kernel: pci_bus 0000:00: root bus resource [bus 00-16]
Aug  6 12:24:14 es1 kernel: pci_bus 0000:00: root bus resource [io  0x0000-0x03af window]
Aug  6 12:24:14 es1 kernel: pci_bus 0000:00: root bus resource [io  0x03e0-0x0cf7 window]
Aug  6 12:24:14 es1 kernel: pci_bus 0000:00: root bus resource [io  0x03b0-0x03bb window]
Aug  6 12:24:14 es1 kernel: pci_bus 0000:00: root bus resource [io  0x03c0-0x03df window]
Aug  6 12:24:14 es1 kernel: pci_bus 0000:00: root bus resource [io  0x1000-0x3fff window]
Aug  6 12:24:14 es1 kernel: pci_bus 0000:00: root bus resource [mem 0x000a0000-0x000bffff window]
Aug  6 12:24:14 es1 kernel: pci_bus 0000:00: root bus resource [mem 0x000c4000-0x000c7fff window]
Aug  6 12:24:14 es1 kernel: pci_bus 0000:00: root bus resource [mem 0xfe010000-0xfe010fff window]
Aug  6 12:24:14 es1 kernel: pci_bus 0000:00: root bus resource [mem 0x90000000-0x9d7fffff window]
Aug  6 12:24:14 es1 kernel: pci 0000:00:14.0: System wakeup disabled by ACPI
Aug  6 12:24:14 es1 kernel: pci 0000:00:1c.0: System wakeup disabled by ACPI
Aug  6 12:24:14 es1 kernel: pci 0000:00:1c.3: System wakeup disabled by ACPI
Aug  6 12:24:14 es1 kernel: pci 0000:00:1c.0: PCI bridge to [bus 01]
Aug  6 12:24:14 es1 kernel: pci 0000:00:1c.3: PCI bridge to [bus 02-03]
Aug  6 12:24:14 es1 kernel: pci 0000:02:00.0: PCI bridge to [bus 03]
Aug  6 12:24:14 es1 kernel: ACPI: PCI Root Bridge [PC01] (domain 0000 [bus 17-39])
Aug  6 12:24:14 es1 kernel: acpi PNP0A08:01: _OSC: OS supports [ExtendedConfig ASPM ClockPM Segments MSI]
Aug  6 12:24:14 es1 kernel: acpi PNP0A08:01: _OSC: platform does not support [AER]
Aug  6 12:24:14 es1 kernel: acpi PNP0A08:01: _OSC: OS now controls [PCIeHotplug PME PCIeCapability]
Aug  6 12:24:14 es1 kernel: acpi PNP0A08:01: FADT indicates ASPM is unsupported, using BIOS configuration
Aug  6 12:24:14 es1 kernel: PCI host bridge to bus 0000:17
Aug  6 12:24:14 es1 kernel: pci_bus 0000:17: root bus resource [bus 17-39]
Aug  6 12:24:14 es1 kernel: pci_bus 0000:17: root bus resource [io  0x4000-0x5fff window]
Aug  6 12:24:14 es1 kernel: pci_bus 0000:17: root bus resource [mem 0x9d800000-0xaaffffff window]
Aug  6 12:24:14 es1 kernel: pci 0000:17:00.0: System wakeup disabled by ACPI
Aug  6 12:24:14 es1 kernel: pci 0000:17:00.0: PCI bridge to [bus 18]
Aug  6 12:24:14 es1 kernel: ACPI: PCI Root Bridge [PC02] (domain 0000 [bus 3a-5c])
Aug  6 12:24:14 es1 kernel: acpi PNP0A08:02: _OSC: OS supports [ExtendedConfig ASPM ClockPM Segments MSI]
Aug  6 12:24:14 es1 kernel: acpi PNP0A08:02: _OSC: platform does not support [AER]
Aug  6 12:24:14 es1 kernel: acpi PNP0A08:02: _OSC: OS now controls [PCIeHotplug PME PCIeCapability]
Aug  6 12:24:14 es1 kernel: acpi PNP0A08:02: FADT indicates ASPM is unsupported, using BIOS configuration
Aug  6 12:24:14 es1 kernel: PCI host bridge to bus 0000:3a
Aug  6 12:24:14 es1 kernel: pci_bus 0000:3a: root bus resource [bus 3a-5c]
Aug  6 12:24:14 es1 kernel: pci_bus 0000:3a: root bus resource [io  0x6000-0x7fff window]
Aug  6 12:24:14 es1 kernel: pci_bus 0000:3a: root bus resource [mem 0xab000000-0xb87fffff window]
Aug  6 12:24:14 es1 kernel: pci 0000:3a:00.0: System wakeup disabled by ACPI
Aug  6 12:24:14 es1 kernel: pci 0000:3b:00.0: System wakeup disabled by ACPI
Aug  6 12:24:14 es1 kernel: pci 0000:3a:00.0: PCI bridge to [bus 3b-3e]
Aug  6 12:24:14 es1 kernel: pci 0000:3c:03.0: System wakeup disabled by ACPI
Aug  6 12:24:14 es1 kernel: pci 0000:3b:00.0: PCI bridge to [bus 3c-3e]
Aug  6 12:24:14 es1 kernel: pci 0000:3d:00.0: VF(n) BAR0 space: [mem 0xb7400000-0xb77fffff 64bit pref] (contains BAR0 for 32 VFs)
Aug  6 12:24:14 es1 kernel: pci 0000:3d:00.0: VF(n) BAR3 space: [mem 0xb7890000-0xb790ffff 64bit pref] (contains BAR3 for 32 VFs)
Aug  6 12:24:14 es1 kernel: pci 0000:3d:00.1: VF(n) BAR0 space: [mem 0xb7000000-0xb73fffff 64bit pref] (contains BAR0 for 32 VFs)
Aug  6 12:24:14 es1 kernel: pci 0000:3d:00.1: VF(n) BAR3 space: [mem 0xb7810000-0xb788ffff 64bit pref] (contains BAR3 for 32 VFs)
Aug  6 12:24:14 es1 kernel: pci 0000:3c:03.0: PCI bridge to [bus 3d-3e]
Aug  6 12:24:14 es1 kernel: ACPI: PCI Root Bridge [PC03] (domain 0000 [bus 5d-7f])
Aug  6 12:24:14 es1 kernel: acpi PNP0A08:03: _OSC: OS supports [ExtendedConfig ASPM ClockPM Segments MSI]
Aug  6 12:24:14 es1 kernel: acpi PNP0A08:03: _OSC: platform does not support [AER]
Aug  6 12:24:14 es1 kernel: acpi PNP0A08:03: _OSC: OS now controls [PCIeHotplug PME PCIeCapability]
Aug  6 12:24:14 es1 kernel: acpi PNP0A08:03: FADT indicates ASPM is unsupported, using BIOS configuration
Aug  6 12:24:14 es1 kernel: PCI host bridge to bus 0000:5d
Aug  6 12:24:14 es1 kernel: pci_bus 0000:5d: root bus resource [bus 5d-7f]
Aug  6 12:24:14 es1 kernel: pci_bus 0000:5d: root bus resource [io  0x8000-0x9fff window]
Aug  6 12:24:14 es1 kernel: pci_bus 0000:5d: root bus resource [mem 0xb8800000-0xc5ffffff window]
Aug  6 12:24:14 es1 kernel: pci 0000:5d:02.0: System wakeup disabled by ACPI
Aug  6 12:24:14 es1 kernel: pci 0000:5e:00.0: VF(n) BAR0 space: [mem 0xc5ee0000-0xc5efffff 64bit pref] (contains BAR0 for 8 VFs)
Aug  6 12:24:14 es1 kernel: pci 0000:5e:00.0: VF(n) BAR3 space: [mem 0xc5ec0000-0xc5edffff 64bit pref] (contains BAR3 for 8 VFs)
Aug  6 12:24:14 es1 kernel: pci 0000:5e:00.1: VF(n) BAR0 space: [mem 0xc5ea0000-0xc5ebffff 64bit pref] (contains BAR0 for 8 VFs)
Aug  6 12:24:14 es1 kernel: pci 0000:5e:00.1: VF(n) BAR3 space: [mem 0xc5e80000-0xc5e9ffff 64bit pref] (contains BAR3 for 8 VFs)
Aug  6 12:24:14 es1 kernel: pci 0000:5e:00.2: VF(n) BAR0 space: [mem 0xc5e60000-0xc5e7ffff 64bit pref] (contains BAR0 for 8 VFs)
Aug  6 12:24:14 es1 kernel: pci 0000:5e:00.2: VF(n) BAR3 space: [mem 0xc5e40000-0xc5e5ffff 64bit pref] (contains BAR3 for 8 VFs)
Aug  6 12:24:14 es1 kernel: pci 0000:5e:00.3: VF(n) BAR0 space: [mem 0xc5e20000-0xc5e3ffff 64bit pref] (contains BAR0 for 8 VFs)
Aug  6 12:24:14 es1 kernel: pci 0000:5e:00.3: VF(n) BAR3 space: [mem 0xc5e00000-0xc5e1ffff 64bit pref] (contains BAR3 for 8 VFs)
Aug  6 12:24:14 es1 kernel: pci 0000:5d:02.0: PCI bridge to [bus 5e-5f]
Aug  6 12:24:14 es1 kernel: ACPI: PCI Root Bridge [PC06] (domain 0000 [bus 80-84])
Aug  6 12:24:14 es1 kernel: acpi PNP0A08:06: _OSC: OS supports [ExtendedConfig ASPM ClockPM Segments MSI]
Aug  6 12:24:14 es1 kernel: acpi PNP0A08:06: _OSC: platform does not support [AER]
Aug  6 12:24:14 es1 kernel: acpi PNP0A08:06: _OSC: OS now controls [PCIeHotplug PME PCIeCapability]
Aug  6 12:24:14 es1 kernel: acpi PNP0A08:06: FADT indicates ASPM is unsupported, using BIOS configuration
Aug  6 12:24:14 es1 kernel: PCI host bridge to bus 0000:80
Aug  6 12:24:14 es1 kernel: pci_bus 0000:80: root bus resource [bus 80-84]
Aug  6 12:24:14 es1 kernel: pci_bus 0000:80: root bus resource [io  0xa000-0xbfff window]
Aug  6 12:24:14 es1 kernel: pci_bus 0000:80: root bus resource [mem 0xc6000000-0xd37fffff window]
Aug  6 12:24:14 es1 kernel: ACPI: PCI Root Bridge [PC07] (domain 0000 [bus 85-ad])
Aug  6 12:24:14 es1 kernel: acpi PNP0A08:07: _OSC: OS supports [ExtendedConfig ASPM ClockPM Segments MSI]
Aug  6 12:24:14 es1 kernel: acpi PNP0A08:07: _OSC: platform does not support [AER]
Aug  6 12:24:14 es1 kernel: acpi PNP0A08:07: _OSC: OS now controls [PCIeHotplug PME PCIeCapability]
Aug  6 12:24:14 es1 kernel: acpi PNP0A08:07: FADT indicates ASPM is unsupported, using BIOS configuration
Aug  6 12:24:14 es1 kernel: PCI host bridge to bus 0000:85
Aug  6 12:24:14 es1 kernel: pci_bus 0000:85: root bus resource [bus 85-ad]
Aug  6 12:24:14 es1 kernel: pci_bus 0000:85: root bus resource [io  0xc000-0xdfff window]
Aug  6 12:24:14 es1 kernel: pci_bus 0000:85: root bus resource [mem 0xd3800000-0xe0ffffff window]
Aug  6 12:24:14 es1 kernel: ACPI: PCI Root Bridge [PC08] (domain 0000 [bus ae-d6])
Aug  6 12:24:14 es1 kernel: acpi PNP0A08:08: _OSC: OS supports [ExtendedConfig ASPM ClockPM Segments MSI]
Aug  6 12:24:14 es1 kernel: acpi PNP0A08:08: _OSC: platform does not support [AER]
Aug  6 12:24:14 es1 kernel: acpi PNP0A08:08: _OSC: OS now controls [PCIeHotplug PME PCIeCapability]
Aug  6 12:24:14 es1 kernel: acpi PNP0A08:08: FADT indicates ASPM is unsupported, using BIOS configuration
Aug  6 12:24:14 es1 kernel: PCI host bridge to bus 0000:ae
Aug  6 12:24:14 es1 kernel: pci_bus 0000:ae: root bus resource [bus ae-d6]
Aug  6 12:24:14 es1 kernel: pci_bus 0000:ae: root bus resource [io  0xe000-0xefff window]
Aug  6 12:24:14 es1 kernel: pci_bus 0000:ae: root bus resource [mem 0xe1000000-0xee7fffff window]
Aug  6 12:24:14 es1 kernel: ACPI: PCI Root Bridge [PC09] (domain 0000 [bus d7-ff])
Aug  6 12:24:14 es1 kernel: acpi PNP0A08:09: _OSC: OS supports [ExtendedConfig ASPM ClockPM Segments MSI]
Aug  6 12:24:14 es1 kernel: acpi PNP0A08:09: _OSC: platform does not support [AER]
Aug  6 12:24:14 es1 kernel: acpi PNP0A08:09: _OSC: OS now controls [PCIeHotplug PME PCIeCapability]
Aug  6 12:24:14 es1 kernel: acpi PNP0A08:09: FADT indicates ASPM is unsupported, using BIOS configuration
Aug  6 12:24:14 es1 kernel: PCI host bridge to bus 0000:d7
Aug  6 12:24:14 es1 kernel: pci_bus 0000:d7: root bus resource [bus d7-ff]
Aug  6 12:24:14 es1 kernel: pci_bus 0000:d7: root bus resource [io  0xf000-0xffff window]
Aug  6 12:24:14 es1 kernel: pci_bus 0000:d7: root bus resource [mem 0xee800000-0xfbffffff window]
Aug  6 12:24:14 es1 kernel: ACPI: PCI Interrupt Link [LNKA] (IRQs 3 4 5 6 7 10 *11 12 14 15)
Aug  6 12:24:14 es1 kernel: ACPI: PCI Interrupt Link [LNKB] (IRQs 3 4 5 6 7 *10 11 12 14 15)
Aug  6 12:24:14 es1 kernel: ACPI: PCI Interrupt Link [LNKC] (IRQs 3 4 5 6 10 *11 12 14 15)
Aug  6 12:24:14 es1 kernel: ACPI: PCI Interrupt Link [LNKD] (IRQs 3 4 5 6 10 *11 12 14 15)
Aug  6 12:24:14 es1 kernel: ACPI: PCI Interrupt Link [LNKE] (IRQs 3 4 5 6 7 10 *11 12 14 15)
Aug  6 12:24:14 es1 kernel: ACPI: PCI Interrupt Link [LNKF] (IRQs 3 4 5 6 7 10 *11 12 14 15)
Aug  6 12:24:14 es1 kernel: ACPI: PCI Interrupt Link [LNKG] (IRQs 3 4 5 6 7 10 *11 12 14 15)
Aug  6 12:24:14 es1 kernel: ACPI: PCI Interrupt Link [LNKH] (IRQs 3 4 5 6 7 10 *11 12 14 15)
Aug  6 12:24:14 es1 kernel: ACPI: Enabled 4 GPEs in block 00 to 7F
Aug  6 12:24:14 es1 kernel: vgaarb: device added: PCI:0000:03:00.0,decodes=io+mem,owns=io+mem,locks=none
Aug  6 12:24:14 es1 kernel: vgaarb: loaded
Aug  6 12:24:14 es1 kernel: vgaarb: bridge control possible 0000:03:00.0
Aug  6 12:24:14 es1 kernel: SCSI subsystem initialized
Aug  6 12:24:14 es1 kernel: ACPI: bus type USB registered
Aug  6 12:24:14 es1 kernel: usbcore: registered new interface driver usbfs
Aug  6 12:24:14 es1 kernel: usbcore: registered new interface driver hub
Aug  6 12:24:14 es1 kernel: usbcore: registered new device driver usb
Aug  6 12:24:14 es1 kernel: PCI: Using ACPI for IRQ routing
Aug  6 12:24:14 es1 kernel: NetLabel: Initializing
Aug  6 12:24:14 es1 kernel: NetLabel:  domain hash size = 128
Aug  6 12:24:14 es1 kernel: NetLabel:  protocols = UNLABELED CIPSOv4
Aug  6 12:24:14 es1 kernel: NetLabel:  unlabeled traffic allowed by default
Aug  6 12:24:14 es1 kernel: hpet0: at MMIO 0xfed00000, IRQs 2, 8, 0, 0, 0, 0, 0, 0
Aug  6 12:24:14 es1 kernel: hpet0: 8 comparators, 64-bit 24.000000 MHz counter
Aug  6 12:24:14 es1 kernel: amd_nb: Cannot enumerate AMD northbridges
Aug  6 12:24:14 es1 kernel: Switched to clocksource hpet
Aug  6 12:24:14 es1 kernel: pnp: PnP ACPI init
Aug  6 12:24:14 es1 kernel: ACPI: bus type PNP registered
Aug  6 12:24:14 es1 kernel: system 00:01: [io  0x0500-0x053f] could not be reserved
Aug  6 12:24:14 es1 kernel: system 00:01: [io  0x0400-0x047f] has been reserved
Aug  6 12:24:14 es1 kernel: system 00:01: [io  0x0540-0x057f] has been reserved
Aug  6 12:24:14 es1 kernel: system 00:01: [io  0x0600-0x061f] has been reserved
Aug  6 12:24:14 es1 kernel: system 00:01: [io  0x0880-0x0883] has been reserved
Aug  6 12:24:14 es1 kernel: system 00:01: [io  0x0800-0x081f] has been reserved
Aug  6 12:24:14 es1 kernel: system 00:01: [mem 0xfed1c000-0xfed3ffff] could not be reserved
Aug  6 12:24:14 es1 kernel: system 00:01: [mem 0xfed45000-0xfed8bfff] has been reserved
Aug  6 12:24:14 es1 kernel: system 00:01: [mem 0xff000000-0xffffffff] has been reserved
Aug  6 12:24:14 es1 kernel: system 00:01: [mem 0xfee00000-0xfeefffff] has been reserved
Aug  6 12:24:14 es1 kernel: system 00:01: [mem 0xfed12000-0xfed1200f] has been reserved
Aug  6 12:24:14 es1 kernel: system 00:01: [mem 0xfed12010-0xfed1201f] has been reserved
Aug  6 12:24:14 es1 kernel: system 00:01: [mem 0xfed1b000-0xfed1bfff] has been reserved
Aug  6 12:24:14 es1 kernel: system 00:02: [io  0x0a00-0x0a0f] has been reserved
Aug  6 12:24:14 es1 kernel: system 00:02: [io  0x0a10-0x0a1f] has been reserved
Aug  6 12:24:14 es1 kernel: system 00:02: [io  0x0a20-0x0a2f] has been reserved
Aug  6 12:24:14 es1 kernel: system 00:02: [io  0x0a30-0x0a3f] has been reserved
Aug  6 12:24:14 es1 kernel: system 00:02: [io  0x0a40-0x0a4f] has been reserved
Aug  6 12:24:14 es1 kernel: system 00:04: [mem 0xfd000000-0xfdabffff] has been reserved
Aug  6 12:24:14 es1 kernel: system 00:04: [mem 0xfdad0000-0xfdadffff] has been reserved
Aug  6 12:24:14 es1 kernel: system 00:04: [mem 0xfdb00000-0xfdffffff] has been reserved
Aug  6 12:24:14 es1 kernel: system 00:04: [mem 0xfe000000-0xfe00ffff] has been reserved
Aug  6 12:24:14 es1 kernel: system 00:04: [mem 0xfe011000-0xfe01ffff] has been reserved
Aug  6 12:24:14 es1 kernel: system 00:04: [mem 0xfe036000-0xfe03bfff] has been reserved
Aug  6 12:24:14 es1 kernel: system 00:04: [mem 0xfe03d000-0xfe3fffff] has been reserved
Aug  6 12:24:14 es1 kernel: system 00:04: [mem 0xfe410000-0xfe7fffff] has been reserved
Aug  6 12:24:14 es1 kernel: system 00:05: [io  0x0f00-0x0ffe] has been reserved
Aug  6 12:24:14 es1 kernel: pnp: PnP ACPI: found 6 devices
Aug  6 12:24:14 es1 kernel: ACPI: bus type PNP unregistered
Aug  6 12:24:14 es1 kernel: pci 0000:00:1c.0: BAR 14: assigned [mem 0x90000000-0x901fffff]
Aug  6 12:24:14 es1 kernel: pci 0000:00:1c.0: BAR 15: assigned [mem 0x90200000-0x903fffff 64bit pref]
Aug  6 12:24:14 es1 kernel: pci 0000:00:1c.0: BAR 13: assigned [io  0x1000-0x1fff]
Aug  6 12:24:14 es1 kernel: pci 0000:00:1f.4: BAR 0: assigned [mem 0x90400000-0x904000ff 64bit]
Aug  6 12:24:14 es1 kernel: pci 0000:00:1c.0: PCI bridge to [bus 01]
Aug  6 12:24:14 es1 kernel: pci 0000:00:1c.0:   bridge window [io  0x1000-0x1fff]
Aug  6 12:24:14 es1 kernel: pci 0000:00:1c.0:   bridge window [mem 0x90000000-0x901fffff]
Aug  6 12:24:14 es1 kernel: pci 0000:00:1c.0:   bridge window [mem 0x90200000-0x903fffff 64bit pref]
Aug  6 12:24:14 es1 kernel: pci 0000:02:00.0: PCI bridge to [bus 03]
Aug  6 12:24:14 es1 kernel: pci 0000:02:00.0:   bridge window [io  0x2000-0x2fff]
Aug  6 12:24:14 es1 kernel: pci 0000:02:00.0:   bridge window [mem 0x9c000000-0x9d0fffff]
Aug  6 12:24:14 es1 kernel: pci 0000:00:1c.3: PCI bridge to [bus 02-03]
Aug  6 12:24:14 es1 kernel: pci 0000:00:1c.3:   bridge window [io  0x2000-0x2fff]
Aug  6 12:24:14 es1 kernel: pci 0000:00:1c.3:   bridge window [mem 0x9c000000-0x9d0fffff]
Aug  6 12:24:14 es1 kernel: pci 0000:17:00.0: PCI bridge to [bus 18]
Aug  6 12:24:14 es1 kernel: pci 0000:17:00.0:   bridge window [io  0x5000-0x5fff]
Aug  6 12:24:14 es1 kernel: pci 0000:17:00.0:   bridge window [mem 0xaac00000-0xaaefffff]
Aug  6 12:24:14 es1 kernel: pci 0000:3c:03.0: PCI bridge to [bus 3d-3e]
Aug  6 12:24:14 es1 kernel: pci 0000:3c:03.0:   bridge window [mem 0xb8500000-0xb85fffff]
Aug  6 12:24:14 es1 kernel: pci 0000:3c:03.0:   bridge window [mem 0xb5000000-0xb79fffff 64bit pref]
Aug  6 12:24:14 es1 kernel: pci 0000:3b:00.0: PCI bridge to [bus 3c-3e]
Aug  6 12:24:14 es1 kernel: pci 0000:3b:00.0:   bridge window [mem 0xb8500000-0xb85fffff]
Aug  6 12:24:14 es1 kernel: pci 0000:3b:00.0:   bridge window [mem 0xb5000000-0xb79fffff 64bit pref]
Aug  6 12:24:14 es1 kernel: pci 0000:3a:00.0: PCI bridge to [bus 3b-3e]
Aug  6 12:24:14 es1 kernel: pci 0000:3a:00.0:   bridge window [mem 0xb8400000-0xb86fffff]
Aug  6 12:24:14 es1 kernel: pci 0000:3a:00.0:   bridge window [mem 0xb5000000-0xb79fffff 64bit pref]
Aug  6 12:24:14 es1 kernel: pci 0000:5d:02.0: PCI bridge to [bus 5e-5f]
Aug  6 12:24:14 es1 kernel: pci 0000:5d:02.0:   bridge window [io  0x9000-0x9fff]
Aug  6 12:24:14 es1 kernel: pci 0000:5d:02.0:   bridge window [mem 0xc2800000-0xc58fffff]
Aug  6 12:24:14 es1 kernel: pci 0000:5d:02.0:   bridge window [mem 0xc5e00000-0xc5efffff 64bit pref]
Aug  6 12:24:14 es1 kernel: NET: Registered protocol family 2
Aug  6 12:24:14 es1 kernel: TCP established hash table entries: 524288 (order: 10, 4194304 bytes)
Aug  6 12:24:14 es1 kernel: TCP bind hash table entries: 65536 (order: 8, 1048576 bytes)
Aug  6 12:24:14 es1 kernel: TCP: Hash tables configured (established 524288 bind 65536)
Aug  6 12:24:14 es1 kernel: TCP: reno registered
Aug  6 12:24:14 es1 kernel: UDP hash table entries: 65536 (order: 9, 2097152 bytes)
Aug  6 12:24:14 es1 kernel: UDP-Lite hash table entries: 65536 (order: 9, 2097152 bytes)
Aug  6 12:24:14 es1 kernel: NET: Registered protocol family 1
Aug  6 12:24:14 es1 kernel: pci 0000:18:00.0: [Firmware Bug]: VPD access disabled
Aug  6 12:24:14 es1 kernel: Unpacking initramfs...
Aug  6 12:24:14 es1 kernel: Freeing initrd memory: 20728k freed
Aug  6 12:24:14 es1 kernel: PCI-DMA: Using software bounce buffering for IO (SWIOTLB)
Aug  6 12:24:14 es1 kernel: software IO TLB [mem 0x66415000-0x6a415000] (64MB) mapped at [ffff880066415000-ffff88006a414fff]
Aug  6 12:24:14 es1 kernel: Intel CQM monitoring enabled
Aug  6 12:24:14 es1 kernel: Intel MBM enabled
Aug  6 12:24:14 es1 kernel: RAPL PMU: API unit is 2^-32 Joules, 3 fixed counters, 655360 ms ovfl timer
Aug  6 12:24:14 es1 kernel: RAPL PMU: hw unit of domain pp0-core 2^-14 Joules
Aug  6 12:24:14 es1 kernel: RAPL PMU: hw unit of domain package 2^-14 Joules
Aug  6 12:24:14 es1 kernel: RAPL PMU: hw unit of domain dram 2^-16 Joules
Aug  6 12:24:14 es1 kernel: sha1_ssse3: Using AVX2 optimized SHA-1 implementation
Aug  6 12:24:14 es1 kernel: sha256_ssse3: Using AVX2 optimized SHA-256 implementation
Aug  6 12:24:14 es1 kernel: futex hash table entries: 131072 (order: 11, 8388608 bytes)
Aug  6 12:24:14 es1 kernel: Initialise system trusted keyring
Aug  6 12:24:14 es1 kernel: audit: initializing netlink socket (disabled)
Aug  6 12:24:14 es1 kernel: type=2000 audit(1596687852.367:1): initialized
Aug  6 12:24:14 es1 kernel: HugeTLB registered 1 GB page size, pre-allocated 0 pages
Aug  6 12:24:14 es1 kernel: HugeTLB registered 2 MB page size, pre-allocated 0 pages
Aug  6 12:24:14 es1 kernel: zpool: loaded
Aug  6 12:24:14 es1 kernel: zbud: loaded
Aug  6 12:24:14 es1 kernel: VFS: Disk quotas dquot_6.5.2
Aug  6 12:24:14 es1 kernel: Dquot-cache hash table entries: 512 (order 0, 4096 bytes)
Aug  6 12:24:14 es1 kernel: msgmni has been set to 32768
Aug  6 12:24:14 es1 kernel: Key type big_key registered
Aug  6 12:24:14 es1 kernel: NET: Registered protocol family 38
Aug  6 12:24:14 es1 kernel: Key type asymmetric registered
Aug  6 12:24:14 es1 kernel: Asymmetric key parser 'x509' registered
Aug  6 12:24:14 es1 kernel: Block layer SCSI generic (bsg) driver version 0.4 loaded (major 250)
Aug  6 12:24:14 es1 kernel: io scheduler noop registered
Aug  6 12:24:14 es1 kernel: io scheduler deadline registered (default)
Aug  6 12:24:14 es1 kernel: io scheduler cfq registered
Aug  6 12:24:14 es1 kernel: pcieport 0000:00:1c.0: Signaling PME through PCIe PME interrupt
Aug  6 12:24:14 es1 kernel: pcieport 0000:00:1c.3: Signaling PME through PCIe PME interrupt
Aug  6 12:24:14 es1 kernel: pci 0000:02:00.0: Signaling PME through PCIe PME interrupt
Aug  6 12:24:14 es1 kernel: pci 0000:03:00.0: Signaling PME through PCIe PME interrupt
Aug  6 12:24:14 es1 kernel: pcieport 0000:17:00.0: Signaling PME through PCIe PME interrupt
Aug  6 12:24:14 es1 kernel: pci 0000:18:00.0: Signaling PME through PCIe PME interrupt
Aug  6 12:24:14 es1 kernel: pcieport 0000:3a:00.0: Signaling PME through PCIe PME interrupt
Aug  6 12:24:14 es1 kernel: pcieport 0000:3b:00.0: Signaling PME through PCIe PME interrupt
Aug  6 12:24:14 es1 kernel: pcieport 0000:3c:03.0: Signaling PME through PCIe PME interrupt
Aug  6 12:24:14 es1 kernel: pci 0000:3d:00.0: Signaling PME through PCIe PME interrupt
Aug  6 12:24:14 es1 kernel: pci 0000:3d:00.1: Signaling PME through PCIe PME interrupt
Aug  6 12:24:14 es1 kernel: pcieport 0000:5d:02.0: Signaling PME through PCIe PME interrupt
Aug  6 12:24:14 es1 kernel: pci 0000:5e:00.0: Signaling PME through PCIe PME interrupt
Aug  6 12:24:14 es1 kernel: pci 0000:5e:00.1: Signaling PME through PCIe PME interrupt
Aug  6 12:24:14 es1 kernel: pci 0000:5e:00.2: Signaling PME through PCIe PME interrupt
Aug  6 12:24:14 es1 kernel: pci 0000:5e:00.3: Signaling PME through PCIe PME interrupt
Aug  6 12:24:14 es1 kernel: pci_hotplug: PCI Hot Plug PCI Core version: 0.5
Aug  6 12:24:14 es1 kernel: pciehp 0000:00:1c.0:pcie04: Slot #0 AttnBtn- PwrCtrl- MRL- AttnInd- PwrInd- HotPlug+ Surprise+ Interlock- NoCompl+ LLActRep+
Aug  6 12:24:14 es1 kernel: pciehp: PCI Express Hot Plug Controller Driver version: 0.4
Aug  6 12:24:14 es1 kernel: input: Power Button as /devices/LNXSYSTM:00/LNXPWRBN:00/input/input0
Aug  6 12:24:14 es1 kernel: ACPI: Power Button [PWRF]
Aug  6 12:24:14 es1 kernel: ERST: Error Record Serialization Table (ERST) support is initialized.
Aug  6 12:24:14 es1 kernel: pstore: Registered erst as persistent store backend
Aug  6 12:24:14 es1 kernel: GHES: APEI firmware first mode is enabled by APEI bit and WHEA _OSC.
Aug  6 12:24:14 es1 kernel: Serial: 8250/16550 driver, 4 ports, IRQ sharing enabled
Aug  6 12:24:14 es1 kernel: 00:03: ttyS0 at I/O 0x3f8 (irq = 4) is a 16550A
Aug  6 12:24:14 es1 kernel: Non-volatile memory driver v1.3
Aug  6 12:24:14 es1 kernel: Linux agpgart interface v0.103
Aug  6 12:24:14 es1 kernel: crash memory driver: version 1.1
Aug  6 12:24:14 es1 kernel: rdac: device handler registered
Aug  6 12:24:14 es1 kernel: hp_sw: device handler registered
Aug  6 12:24:14 es1 kernel: emc: device handler registered
Aug  6 12:24:14 es1 kernel: alua: device handler registered
Aug  6 12:24:14 es1 kernel: libphy: Fixed MDIO Bus: probed
Aug  6 12:24:14 es1 kernel: ehci_hcd: USB 2.0 'Enhanced' Host Controller (EHCI) Driver
Aug  6 12:24:14 es1 kernel: ehci-pci: EHCI PCI platform driver
Aug  6 12:24:14 es1 kernel: ohci_hcd: USB 1.1 'Open' Host Controller (OHCI) Driver
Aug  6 12:24:14 es1 kernel: ohci-pci: OHCI PCI platform driver
Aug  6 12:24:14 es1 kernel: uhci_hcd: USB Universal Host Controller Interface driver
Aug  6 12:24:14 es1 kernel: xhci_hcd 0000:00:14.0: xHCI Host Controller
Aug  6 12:24:14 es1 kernel: xhci_hcd 0000:00:14.0: new USB bus registered, assigned bus number 1
Aug  6 12:24:14 es1 kernel: xhci_hcd 0000:00:14.0: hcc params 0x200077c1 hci version 0x100 quirks 0x00009810
Aug  6 12:24:14 es1 kernel: usb usb1: New USB device found, idVendor=1d6b, idProduct=0002
Aug  6 12:24:14 es1 kernel: usb usb1: New USB device strings: Mfr=3, Product=2, SerialNumber=1
Aug  6 12:24:14 es1 kernel: usb usb1: Product: xHCI Host Controller
Aug  6 12:24:14 es1 kernel: usb usb1: Manufacturer: Linux 3.10.0-693.21.1.el7.x86_64 xhci-hcd
Aug  6 12:24:14 es1 kernel: usb usb1: SerialNumber: 0000:00:14.0
Aug  6 12:24:14 es1 kernel: hub 1-0:1.0: USB hub found
Aug  6 12:24:14 es1 kernel: hub 1-0:1.0: 16 ports detected
Aug  6 12:24:14 es1 kernel: xhci_hcd 0000:00:14.0: xHCI Host Controller
Aug  6 12:24:14 es1 kernel: xhci_hcd 0000:00:14.0: new USB bus registered, assigned bus number 2
Aug  6 12:24:14 es1 kernel: usb usb2: New USB device found, idVendor=1d6b, idProduct=0003
Aug  6 12:24:14 es1 kernel: usb usb2: New USB device strings: Mfr=3, Product=2, SerialNumber=1
Aug  6 12:24:14 es1 kernel: usb usb2: Product: xHCI Host Controller
Aug  6 12:24:14 es1 kernel: usb usb2: Manufacturer: Linux 3.10.0-693.21.1.el7.x86_64 xhci-hcd
Aug  6 12:24:14 es1 kernel: usb usb2: SerialNumber: 0000:00:14.0
Aug  6 12:24:14 es1 kernel: hub 2-0:1.0: USB hub found
Aug  6 12:24:14 es1 kernel: hub 2-0:1.0: 10 ports detected
Aug  6 12:24:14 es1 kernel: usb: port power management may be unreliable
Aug  6 12:24:14 es1 kernel: usbcore: registered new interface driver usbserial
Aug  6 12:24:14 es1 kernel: usbcore: registered new interface driver usbserial_generic
Aug  6 12:24:14 es1 kernel: usbserial: USB Serial support registered for generic
Aug  6 12:24:14 es1 kernel: i8042: PNP: No PS/2 controller found. Probing ports directly.
Aug  6 12:24:14 es1 kernel: i8042: No controller found
Aug  6 12:24:14 es1 kernel: tsc: Refined TSC clocksource calibration: 2194.843 MHz
Aug  6 12:24:14 es1 kernel: mousedev: PS/2 mouse device common for all mice
Aug  6 12:24:14 es1 kernel: Switched to clocksource tsc
Aug  6 12:24:14 es1 kernel: rtc_cmos 00:00: RTC can wake from S4
Aug  6 12:24:14 es1 kernel: rtc_cmos 00:00: rtc core: registered rtc_cmos as rtc0
Aug  6 12:24:14 es1 kernel: rtc_cmos 00:00: alarms up to one month, y3k, 114 bytes nvram, hpet irqs
Aug  6 12:24:14 es1 kernel: Intel P-state driver initializing.
Aug  6 12:24:14 es1 kernel: intel_pstate: HWP enabled
Aug  6 12:24:14 es1 kernel: cpuidle: using governor menu
Aug  6 12:24:14 es1 kernel: hidraw: raw HID events driver (C) Jiri Kosina
Aug  6 12:24:14 es1 kernel: usbcore: registered new interface driver usbhid
Aug  6 12:24:14 es1 kernel: usbhid: USB HID core driver
Aug  6 12:24:14 es1 kernel: drop_monitor: Initializing network drop monitor service
Aug  6 12:24:14 es1 kernel: TCP: cubic registered
Aug  6 12:24:14 es1 kernel: Initializing XFRM netlink socket
Aug  6 12:24:14 es1 kernel: IPv6: Loaded, but administratively disabled, reboot required to enable
Aug  6 12:24:14 es1 kernel: NET: Registered protocol family 17
Aug  6 12:24:14 es1 kernel: intel_rdt: Intel RDT L3 allocation detected
Aug  6 12:24:14 es1 kernel: intel_rdt: Intel RDT L3DATA allocation detected
Aug  6 12:24:14 es1 kernel: intel_rdt: Intel RDT L3CODE allocation detected
Aug  6 12:24:14 es1 kernel: microcode: CPU0 sig=0x50654, pf=0x1, revision=0x2000050
Aug  6 12:24:14 es1 kernel: microcode: CPU1 sig=0x50654, pf=0x1, revision=0x2000050
Aug  6 12:24:14 es1 kernel: microcode: CPU2 sig=0x50654, pf=0x1, revision=0x2000050
Aug  6 12:24:14 es1 kernel: microcode: CPU3 sig=0x50654, pf=0x1, revision=0x2000050
Aug  6 12:24:14 es1 kernel: microcode: CPU4 sig=0x50654, pf=0x1, revision=0x2000050
Aug  6 12:24:14 es1 kernel: microcode: CPU5 sig=0x50654, pf=0x1, revision=0x2000050
Aug  6 12:24:14 es1 kernel: microcode: CPU6 sig=0x50654, pf=0x1, revision=0x2000050
Aug  6 12:24:14 es1 kernel: microcode: CPU7 sig=0x50654, pf=0x1, revision=0x2000050
Aug  6 12:24:14 es1 kernel: microcode: CPU8 sig=0x50654, pf=0x1, revision=0x2000050
Aug  6 12:24:14 es1 kernel: microcode: CPU9 sig=0x50654, pf=0x1, revision=0x2000050
Aug  6 12:24:14 es1 kernel: microcode: CPU10 sig=0x50654, pf=0x1, revision=0x2000050
Aug  6 12:24:14 es1 kernel: microcode: CPU11 sig=0x50654, pf=0x1, revision=0x2000050
Aug  6 12:24:14 es1 kernel: microcode: CPU12 sig=0x50654, pf=0x1, revision=0x2000050
Aug  6 12:24:14 es1 kernel: microcode: CPU13 sig=0x50654, pf=0x1, revision=0x2000050
Aug  6 12:24:14 es1 kernel: microcode: CPU14 sig=0x50654, pf=0x1, revision=0x2000050
Aug  6 12:24:14 es1 kernel: microcode: CPU15 sig=0x50654, pf=0x1, revision=0x2000050
Aug  6 12:24:14 es1 kernel: microcode: CPU16 sig=0x50654, pf=0x1, revision=0x2000050
Aug  6 12:24:14 es1 kernel: microcode: CPU17 sig=0x50654, pf=0x1, revision=0x2000050
Aug  6 12:24:14 es1 kernel: microcode: CPU18 sig=0x50654, pf=0x1, revision=0x2000050
Aug  6 12:24:14 es1 kernel: microcode: CPU19 sig=0x50654, pf=0x1, revision=0x2000050
Aug  6 12:24:14 es1 kernel: microcode: CPU20 sig=0x50654, pf=0x1, revision=0x2000050
Aug  6 12:24:14 es1 kernel: microcode: CPU21 sig=0x50654, pf=0x1, revision=0x2000050
Aug  6 12:24:14 es1 kernel: microcode: CPU22 sig=0x50654, pf=0x1, revision=0x2000050
Aug  6 12:24:14 es1 kernel: microcode: CPU23 sig=0x50654, pf=0x1, revision=0x2000050
Aug  6 12:24:14 es1 kernel: microcode: CPU24 sig=0x50654, pf=0x1, revision=0x2000050
Aug  6 12:24:14 es1 kernel: microcode: CPU25 sig=0x50654, pf=0x1, revision=0x2000050
Aug  6 12:24:14 es1 kernel: microcode: CPU26 sig=0x50654, pf=0x1, revision=0x2000050
Aug  6 12:24:14 es1 kernel: microcode: CPU27 sig=0x50654, pf=0x1, revision=0x2000050
Aug  6 12:24:14 es1 kernel: microcode: CPU28 sig=0x50654, pf=0x1, revision=0x2000050
Aug  6 12:24:14 es1 kernel: microcode: CPU29 sig=0x50654, pf=0x1, revision=0x2000050
Aug  6 12:24:14 es1 kernel: microcode: CPU30 sig=0x50654, pf=0x1, revision=0x2000050
Aug  6 12:24:14 es1 kernel: microcode: CPU31 sig=0x50654, pf=0x1, revision=0x2000050
Aug  6 12:24:14 es1 kernel: microcode: CPU32 sig=0x50654, pf=0x1, revision=0x2000050
Aug  6 12:24:14 es1 kernel: microcode: CPU33 sig=0x50654, pf=0x1, revision=0x2000050
Aug  6 12:24:14 es1 kernel: microcode: CPU34 sig=0x50654, pf=0x1, revision=0x2000050
Aug  6 12:24:14 es1 kernel: microcode: CPU35 sig=0x50654, pf=0x1, revision=0x2000050
Aug  6 12:24:14 es1 kernel: microcode: CPU36 sig=0x50654, pf=0x1, revision=0x2000050
Aug  6 12:24:14 es1 kernel: microcode: CPU37 sig=0x50654, pf=0x1, revision=0x2000050
Aug  6 12:24:14 es1 kernel: microcode: CPU38 sig=0x50654, pf=0x1, revision=0x2000050
Aug  6 12:24:14 es1 kernel: microcode: CPU39 sig=0x50654, pf=0x1, revision=0x2000050
Aug  6 12:24:14 es1 kernel: microcode: Microcode Update Driver: v2.01 <tigran@aivazian.fsnet.co.uk>, Peter Oruba
Aug  6 12:24:14 es1 kernel: Loading compiled-in X.509 certificates
Aug  6 12:24:14 es1 kernel: Loaded X.509 cert 'CentOS Linux kpatch signing key: ea0413152cde1d98ebdca3fe6f0230904c9ef717'
Aug  6 12:24:14 es1 kernel: Loaded X.509 cert 'CentOS Linux Driver update signing key: 7f421ee0ab69461574bb358861dbe77762a4201b'
Aug  6 12:24:14 es1 kernel: Loaded X.509 cert 'CentOS Linux kernel signing key: 03da6092f6711321b5ace12e845da97336f7674d'
Aug  6 12:24:14 es1 kernel: registered taskstats version 1
Aug  6 12:24:14 es1 kernel: Key type trusted registered
Aug  6 12:24:14 es1 kernel: Key type encrypted registered
Aug  6 12:24:14 es1 kernel: IMA: No TPM chip found, activating TPM-bypass!
Aug  6 12:24:14 es1 kernel:  Magic number: 0:259:413
Aug  6 12:24:14 es1 kernel: event_source uncore_iio_1: hash matches
Aug  6 12:24:14 es1 kernel: clockevents clockevent122: hash matches
Aug  6 12:24:14 es1 kernel: acpi device:270: hash matches
Aug  6 12:24:14 es1 kernel: memory memory689: hash matches
Aug  6 12:24:14 es1 kernel: rtc_cmos 00:00: setting system clock to 2020-08-06 04:24:14 UTC (1596687854)
Aug  6 12:24:14 es1 kernel: Freeing unused kernel memory: 1792k freed
Aug  6 12:24:14 es1 kernel: random: systemd: uninitialized urandom read (16 bytes read)
Aug  6 12:24:14 es1 kernel: random: systemd: uninitialized urandom read (16 bytes read)
Aug  6 12:24:14 es1 kernel: random: systemd: uninitialized urandom read (16 bytes read)
Aug  6 12:24:14 es1 systemd[1]: systemd 219 running in system mode. (+PAM +AUDIT +SELINUX +IMA -APPARMOR +SMACK +SYSVINIT +UTMP +LIBCRYPTSETUP +GCRYPT +GNUTLS +ACL +XZ +LZ4 -SECCOMP +BLKID +ELFUTILS +KMOD +IDN)
Aug  6 12:24:14 es1 systemd[1]: Detected architecture x86-64.
Aug  6 12:24:14 es1 systemd[1]: Running in initial RAM disk.
Aug  6 12:24:14 es1 systemd[1]: Set hostname to <es1.sa.lycc.qihoo.net>.
Aug  6 12:24:14 es1 kernel: random: systemd: uninitialized urandom read (16 bytes read)
